RHFormalization/CanonicalPrimePowerMassEnvelopeSpeedComparison.lean:94:  Kshared : CanonicalKernelC
RHFormalization/CanonicalPrimePowerDWindowExactMassSpeedBudget.lean:75:  Kshared : CanonicalKernelC
RHFormalization/CanonicalPrimePowerUniformWindowError.lean:42:    (Kstage Kshared : CanonicalKernelC)
RHFormalization/CanonicalPrimePowerUniformWindowError.lean:78:    (Kshared : CanonicalKernelC)
RHFormalization/CanonicalPrimePowerUniformWindowError.lean:113:  Kshared : CanonicalKernelC
RHFormalization/CanonicalPrimePowerRCutoffRatePackaged.lean:43:  Kshared : CanonicalKernelC
RHFormalization/CanonicalPrimePowerDWindowExactMassExactSpeed.lean:50:  Kshared : CanonicalKernelC
RHFormalization/CanonicalPrimePowerDWindowSeparatedRateBudget.lean:83:  Kshared : CanonicalKernelC
RHFormalization/CanonicalPrimePowerSummabilityMajorant.lean:49:  Kshared : CanonicalKernelC
RHFormalization/CanonicalPrimePowerSummedKernelError.lean:46:  Kshared : CanonicalKernelC
RHFormalization/CanonicalPrimePowerKernelErrorBound.lean:74:    (Kshared : CanonicalKernelC)
RHFormalization/CanonicalPrimePowerKernelErrorBound.lean:102:  Kshared : CanonicalKernelC
RHFormalization/CanonicalPrimePowerPackage.lean:81:abbrev CanonicalKernelC : Type :=
RHFormalization/CanonicalPrimePowerPackage.lean:92:    (K : CanonicalKernelC) :
RHFormalization/CanonicalPrimePowerPackage.lean:116:  kernel : CanonicalKernelC
RHFormalization/CanonicalPrimePowerCutoffMassEnumeration.lean:92:  Kshared : CanonicalKernelC
RHFormalization/PrimePowerWeightNormalizationLock.lean:50:    (K : CanonicalKernelC)
RHFormalization/PrimePowerWeightNormalizationLock.lean:62:    (K : CanonicalKernelC)
RHFormalization/CanonicalPrimePowerWindowMassError.lean:82:    (Kshared : CanonicalKernelC)
RHFormalization/CanonicalPrimePowerWindowMassError.lean:239:  Kshared : CanonicalKernelC
RHFormalization/CanonicalPrimePowerSharedKernelMajorant.lean:38:    (Kshared : CanonicalKernelC)
RHFormalization/CanonicalPrimePowerSharedKernelMajorant.lean:71:  Kshared : CanonicalKernelC
RHFormalization/CanonicalPrimePowerProductWindowError.lean:41:    (Kshared : CanonicalKernelC)
RHFormalization/CanonicalPrimePowerProductWindowError.lean:158:  Kshared : CanonicalKernelC
RHFormalization/CanonicalPrimePowerWeightedSummabilityEnvelope.lean:79:  Kshared : CanonicalKernelC
RHFormalization/CanonicalPrimePowerRCutoffGrowth.lean:64:  Kshared : CanonicalKernelC
RHFormalization/CanonicalPrimePowerSoundCountingFactorBounds.lean:50:  Kshared : CanonicalKernelC
RHFormalization/CanonicalPrimePowerActualKernelError.lean:34:    (Kshared : CanonicalKernelC)
RHFormalization/CanonicalPrimePowerActualKernelError.lean:59:  Kshared : CanonicalKernelC
RHFormalization/CanonicalPrimePowerTsumPrincipalPart.lean:8:Principal-part bridge for the concrete tsum-defined canonical prime-power package.
RHFormalization/CanonicalPrimePowerTsumPrincipalPart.lean:40:    (Kshared : CanonicalKernelC)
RHFormalization/CanonicalPrimePowerTsumPrincipalPart.lean:62:    (Kshared : CanonicalKernelC)
RHFormalization/CanonicalPrimePowerTsumPrincipalPart.lean:90:def BsharedOppositePrincipalPartData_of_tsum_principalParts
RHFormalization/CanonicalPrimePowerTsumPrincipalPart.lean:93:    (Kshared : CanonicalKernelC)
RHFormalization/CanonicalPrimePowerDWindowKernelIdentification.lean:35:    (Kshared : CanonicalKernelC) where
RHFormalization/CanonicalPrimePowerDWindowKernelIdentification.lean:78:  Kshared : CanonicalKernelC
RHFormalization/CanonicalPrimePowerSharpCutoffSharedLimitMajorant.lean:45:    {Kshared : CanonicalKernelC}
RHFormalization/CanonicalPrimePowerSharpCutoffSharedLimitMajorant.lean:95:  Kshared : CanonicalKernelC
RHFormalization/CanonicalPrimePowerCountingSetEnvelope.lean:139:  Kshared : CanonicalKernelC
RHFormalization/CanonicalPrimePowerKernelSeries.lean:46:  Kshared : CanonicalKernelC
RHFormalization/CanonicalPrimePowerDWindowExactSpeed.lean:42:    (Kshared : CanonicalKernelC) where
RHFormalization/CanonicalPrimePowerDWindowExactSpeed.lean:111:    {Kshared : CanonicalKernelC}
RHFormalization/CanonicalPrimePowerDWindowExactSpeed.lean:150:  Kshared : CanonicalKernelC
RHFormalization/CanonicalPrimePowerDWindowRateEstimate.lean:42:    (Kshared : CanonicalKernelC)
RHFormalization/CanonicalPrimePowerDWindowRateEstimate.lean:95:    (Kshared : CanonicalKernelC)
RHFormalization/CanonicalPrimePowerDWindowRateEstimate.lean:145:    {Kshared : CanonicalKernelC}
RHFormalization/CanonicalPrimePowerSharpCutoffChosenLengthMassEnvelope.lean:64:  Kshared : CanonicalKernelC
RHFormalization/AppendixDSpikeSumExtraction.lean:109:    DFiniteStage → CanonicalKernelC
RHFormalization/CanonicalPrimePowerMassCountingEnvelope.lean:177:  Kshared : CanonicalKernelC
RHFormalization/CanonicalPrimePowerDWindowKernelEstimate.lean:45:    (Kshared : CanonicalKernelC)
RHFormalization/CanonicalPrimePowerDWindowKernelEstimate.lean:112:    (Kshared : CanonicalKernelC)
RHFormalization/CanonicalPrimePowerDWindowKernelEstimate.lean:165:    {Kshared : CanonicalKernelC}
RHFormalization/CanonicalPrimePowerDWindowSpeedBudget.lean:104:  Kshared : CanonicalKernelC
RHFormalization/CanonicalPrimePowerDWindowRateMassGrowth.lean:51:  Kshared : CanonicalKernelC
RHFormalization/CanonicalPrimePowerMassGrowthWindow.lean:110:  Kshared : CanonicalKernelC
RHFormalization/CanonicalPrimePowerDWindowCompactRate.lean:43:    (Kshared : CanonicalKernelC)
RHFormalization/CanonicalPrimePowerDWindowCompactRate.lean:99:    {Kshared : CanonicalKernelC}
RHFormalization/CanonicalPrimePowerDWindowCompactRate.lean:139:  Kshared : CanonicalKernelC
RHFormalization/CanonicalPrimePowerSharpCutoffDisplacementKernel.lean:40:    CanonicalKernelC :=
RHFormalization/CanonicalPrimePowerIndexExhaustion.lean:79:  Kshared : CanonicalKernelC
RHFormalization/CanonicalPrimePowerMassUpperEnvelope.lean:87:  Kshared : CanonicalKernelC
RHFormalization/CanonicalPrimePowerTsumSeries.lean:56:  Kshared : CanonicalKernelC
RHFormalization/CanonicalPrimePowerCutoffMassBound.lean:80:  Kshared : CanonicalKernelC
RHFormalization/CanonicalPrimePowerWeightEnvelope.lean:157:  Kshared : CanonicalKernelC
RHFormalization/CanonicalPrimePowerFiniteKernelErrorSum.lean:38:    (Kstage Kshared : CanonicalKernelC)
RHFormalization/CanonicalPrimePowerFiniteKernelErrorSum.lean:119:  Kshared : CanonicalKernelC
RHFormalization/CanonicalPrimePowerSoundCutoffCounting.lean:187:  Kshared : CanonicalKernelC
RHFormalization/CanonicalPrimePowerDWindowLimitMajorant.lean:40:    {Kshared : CanonicalKernelC}
RHFormalization/CanonicalPrimePowerDWindowLimitMajorant.lean:78:  Kshared : CanonicalKernelC
RHFormalization/CanonicalPrimePowerSharpCutoffMassEnvelope.lean:62:  Kshared : CanonicalKernelC
RHFormalization/CanonicalPrimePowerDWindowSpeedAPI.lean:78:    {Kshared : CanonicalKernelC}
RHFormalization/CanonicalPrimePowerDWindowSpeedAPI.lean:143:  Kshared : CanonicalKernelC
RHFormalization/AppendixDPrimePowerFiniteFormulaTarget.lean:39:    DFiniteStage → CanonicalKernelC
RHFormalization/CanonicalPrimePowerDWindowCompactRateBudget.lean:89:  Kshared : CanonicalKernelC
RHFormalization/CanonicalPrimePowerDWindowExactMassSpeedEstimate.lean:123:  Kshared : CanonicalKernelC
RHFormalization/CanonicalPrimePowerAsymptoticKernel.lean:41:    (Kstage : ℕ → CanonicalKernelC)
RHFormalization/CanonicalPrimePowerAsymptoticKernel.lean:42:    (Kshared : CanonicalKernelC)
RHFormalization/CanonicalPrimePowerAsymptoticKernel.lean:101:  Kshared : CanonicalKernelC
RHFormalization/CanonicalPrimePowerEnumeratedMassGrowthRate.lean:106:  Kshared : CanonicalKernelC
RHFormalization/CanonicalPrimePowerRCutoffExhaustion.lean:81:  Kshared : CanonicalKernelC
RHFormalization/CanonicalPrimePowerConcreteTsumPackage.lean:37:    (Kshared : CanonicalKernelC) :
RHFormalization/CanonicalPrimePowerConcreteTsumPackage.lean:60:  Kshared : CanonicalKernelC
RHFormalization/CanonicalPrimePowerDWindowExactWindowSpeed.lean:45:  Kshared : CanonicalKernelC
