RHFormalization/HSideOverlapChosenCshared.lean:13:  C.Bshared s = Harch s - Zpole s
RHFormalization/HSideOverlapChosenCshared.lean:31:The only real H/E analytic input is `h_split`.
RHFormalization/HSideOverlapChosenCshared.lean:38:    (h_split :
RHFormalization/HSideOverlapChosenCshared.lean:41:          C.Bshared s = Harch s - Zpole s) :
RHFormalization/HSideOverlapChosenCshared.lean:50:  h_split := h_split }
RHFormalization/HSideOverlapChosenCshared.lean:60:    (h_split :
RHFormalization/HSideOverlapChosenCshared.lean:63:          C.Bshared s = Harch s - Zpole s) :
RHFormalization/HSideOverlapChosenCshared.lean:65:      Zpole Harch C sigma0 h_Cshared_sigma_le h_split).Cshared = C := by
RHFormalization/AnnexSpine.lean:41:  h_split :
RHFormalization/AnnexSpine.lean:59:  h_split :
RHFormalization/AnnexSpine.lean:61:      Bzero s = Harch s - Zpole s
RHFormalization/DOperatorExport.lean:555:    h_split := D.overlap.h_overlap }
RHFormalization/FinalBlueprint.lean:143:  role := "Construct Harch ∈ O(Ω) and prove Bzero = Harch - Zpole on the overlap."
RHFormalization/HMeromorphicPackage.lean:16:  Bzero = Harch - Zpole
RHFormalization/HMeromorphicPackage.lean:163:structure ZpoleMeromorphicFromSeriesAPI
RHFormalization/HMeromorphicPackage.lean:189:`Bzero = Harch - Zpole`.
RHFormalization/HMeromorphicPackage.lean:218:  h_split :
RHFormalization/HMeromorphicPackage.lean:220:      Bzero s = Harch s - Zpole s
RHFormalization/HMeromorphicPackage.lean:257:    h_split := L.overlap.h_split }
RHFormalization/AppendixELocalBridgeCore.lean:49:* H-side split: `H.Bzero = H.Harch - H.Zpole`;
RHFormalization/AppendixELocalBridgeCore.lean:70:        D.h_split s
RHFormalization/AppendixELocalBridgeCore.lean:74:          H.Bzero s = H.Harch s - H.Zpole s :=
RHFormalization/AppendixELocalBridgeCore.lean:75:        H.h_split s
RHFormalization/InterfaceAlgebra.lean:17:  `Bzero = Harch - Zpole`.
RHFormalization/InterfaceAlgebra.lean:58:    D.h_split s (lt_of_le_of_lt E.hsigma_ge_D hs)
RHFormalization/InterfaceAlgebra.lean:63:  have hH : H.Bzero s = H.Harch s - H.Zpole s :=
RHFormalization/InterfaceAlgebra.lean:64:    H.h_split s (lt_of_le_of_lt E.hsigma_ge_H hs)
RHFormalization/HMeromorphicLayerChosenCshared.lean:14:  C.Bshared s = Harch s - Zpole s
RHFormalization/HMeromorphicLayerChosenCshared.lean:42:    (h_split :
RHFormalization/HMeromorphicLayerChosenCshared.lean:45:          C.Bshared s = HarchPackage.Harch s - Zpole s)
RHFormalization/HMeromorphicLayerChosenCshared.lean:62:      h_split
RHFormalization/HMeromorphicLayerChosenCshared.lean:78:    (h_split :
RHFormalization/HMeromorphicLayerChosenCshared.lean:81:          C.Bshared s = HarchPackage.Harch s - Zpole s)
RHFormalization/HMeromorphicLayerChosenCshared.lean:86:      C sigma0 h_Cshared_sigma_le h_split h_genuine_poles).overlap.Cshared
RHFormalization/DFiniteStageOperator.lean:233:  h_split :
RHFormalization/DFiniteStageOperator.lean:274:  X.splitFromDuhamel.h_split
RHFormalization/HMeromorphicWithNormalFormChosenCshared.lean:38:    (h_split :
RHFormalization/HMeromorphicWithNormalFormChosenCshared.lean:41:          C.Bshared s = HarchPackage.Harch s - Zpole s)
RHFormalization/HMeromorphicWithNormalFormChosenCshared.lean:49:            C sigma0 h_Cshared_sigma_le h_split h_genuine_poles))) :
RHFormalization/HMeromorphicWithNormalFormChosenCshared.lean:54:      C sigma0 h_Cshared_sigma_le h_split h_genuine_poles
RHFormalization/HMeromorphicWithNormalFormChosenCshared.lean:71:    (h_split :
RHFormalization/HMeromorphicWithNormalFormChosenCshared.lean:74:          C.Bshared s = HarchPackage.Harch s - Zpole s)
RHFormalization/HMeromorphicWithNormalFormChosenCshared.lean:82:            C sigma0 h_Cshared_sigma_le h_split h_genuine_poles))) :
RHFormalization/HMeromorphicWithNormalFormChosenCshared.lean:85:      C sigma0 h_Cshared_sigma_le h_split h_genuine_poles
RHFormalization/HMeromorphicWithNormalFormChosenCshared.lean:107:    (h_split :
RHFormalization/HMeromorphicWithNormalFormChosenCshared.lean:110:          Y.B.Cshared.Bshared s = HarchPackage.Harch s - Zpole s)
RHFormalization/HMeromorphicWithNormalFormChosenCshared.lean:118:            Y.B.Cshared sigma0 h_Cshared_sigma_le h_split h_genuine_poles))) :
RHFormalization/HMeromorphicWithNormalFormChosenCshared.lean:123:      Y.B.Cshared sigma0 h_Cshared_sigma_le h_split h_genuine_poles
