RHFormalization/CanonicalPrimePowerMassEnvelopeSpeedComparison.lean:103:    ∀ q : PrimePowerPair,
RHFormalization/CanonicalPrimePowerMassEnvelopeSpeedComparison.lean:110:    ∀ q : PrimePowerPair,
RHFormalization/CanonicalPrimePowerMassEnvelopeSpeedComparison.lean:115:  kernelMajorant : PrimePowerPair → ℝ
RHFormalization/CanonicalPrimePowerMassEnvelopeSpeedComparison.lean:119:    ∀ q : PrimePowerPair, 0 ≤ kernelMajorant q
RHFormalization/CanonicalPrimePowerMassEnvelopeSpeedComparison.lean:147:    ∀ q : PrimePowerPair,
RHFormalization/CanonicalPrimePowerMassEnvelopeSpeedComparison.lean:163:    ∀ q : PrimePowerPair,
RHFormalization/CanonicalPrimePowerMassEnvelopeSpeedComparison.lean:169:  summabilityEnvelope : PrimePowerPair → ℝ
RHFormalization/CanonicalPrimePowerMassEnvelopeSpeedComparison.lean:175:    ∀ q : PrimePowerPair,
RHFormalization/CanonicalPrimePowerMassEnvelopeSpeedComparison.lean:176:      ‖q.weightC‖ * kernelMajorant q ≤ summabilityEnvelope q
RHFormalization/CanonicalPrimePowerMassEnvelopeSpeedComparison.lean:331:      ∑' q : PrimePowerPair,
RHFormalization/CanonicalPrimePowerMassEnvelopeSpeedComparison.lean:332:        q.weightC * S.Kshared q.center s := by
RHFormalization/CanonicalPrimePowerDWindowExactMassSpeedBudget.lean:17:  massGrowth n := ∑ q in belowCutoff R_n, ‖q.weightC‖.
RHFormalization/CanonicalPrimePowerDWindowExactMassSpeedBudget.lean:38:    (fun q : PrimePowerPair => ‖q.weightC‖)
RHFormalization/CanonicalPrimePowerDWindowExactMassSpeedBudget.lean:50:      (fun q hq => norm_nonneg q.weightC)
RHFormalization/CanonicalPrimePowerDWindowExactMassSpeedBudget.lean:84:    ∀ q : PrimePowerPair,
RHFormalization/CanonicalPrimePowerDWindowExactMassSpeedBudget.lean:91:    ∀ q : PrimePowerPair,
RHFormalization/CanonicalPrimePowerDWindowExactMassSpeedBudget.lean:96:  kernelMajorant : PrimePowerPair → ℝ
RHFormalization/CanonicalPrimePowerDWindowExactMassSpeedBudget.lean:100:    ∀ q : PrimePowerPair, 0 ≤ kernelMajorant q
RHFormalization/CanonicalPrimePowerDWindowExactMassSpeedBudget.lean:105:      ∀ q : PrimePowerPair,
RHFormalization/CanonicalPrimePowerDWindowExactMassSpeedBudget.lean:111:      (fun q : PrimePowerPair =>
RHFormalization/CanonicalPrimePowerDWindowExactMassSpeedBudget.lean:112:        ‖q.weightC‖ * kernelMajorant q)
RHFormalization/CanonicalPrimePowerDWindowExactMassSpeedBudget.lean:227:              (fun q : PrimePowerPair => ‖q.weightC‖)
RHFormalization/CanonicalPrimePowerDWindowExactMassSpeedBudget.lean:230:              (fun q : PrimePowerPair => ‖q.weightC‖))
RHFormalization/CanonicalPrimePowerDWindowExactMassSpeedBudget.lean:285:      ∑' q : PrimePowerPair,
RHFormalization/CanonicalPrimePowerDWindowExactMassSpeedBudget.lean:286:        q.weightC * S.Kshared q.center s := by
RHFormalization/CanonicalPrimePowerUniformWindowError.lean:19:  weightMass q := ‖q.weightC‖
RHFormalization/CanonicalPrimePowerUniformWindowError.lean:38:prime-power discrepancy is bounded by `‖q.weightC‖ * ε`.
RHFormalization/CanonicalPrimePowerUniformWindowError.lean:41:    (q : PrimePowerPair)
RHFormalization/CanonicalPrimePowerUniformWindowError.lean:47:    ‖q.weightC * Kstage q.center s -
RHFormalization/CanonicalPrimePowerUniformWindowError.lean:48:        q.weightC * Kshared q.center s‖ ≤
RHFormalization/CanonicalPrimePowerUniformWindowError.lean:49:      ‖q.weightC‖ * ε := by
RHFormalization/CanonicalPrimePowerUniformWindowError.lean:51:      q.weightC * Kstage q.center s -
RHFormalization/CanonicalPrimePowerUniformWindowError.lean:52:          q.weightC * Kshared q.center s =
RHFormalization/CanonicalPrimePowerUniformWindowError.lean:53:        q.weightC * (Kstage q.center s - Kshared q.center s) := by
RHFormalization/CanonicalPrimePowerUniformWindowError.lean:57:    ‖q.weightC * Kstage q.center s -
RHFormalization/CanonicalPrimePowerUniformWindowError.lean:58:        q.weightC * Kshared q.center s‖
RHFormalization/CanonicalPrimePowerUniformWindowError.lean:60:      ‖q.weightC * (Kstage q.center s - Kshared q.center s)‖ := by
RHFormalization/CanonicalPrimePowerUniformWindowError.lean:63:      ‖q.weightC‖ * ‖Kstage q.center s - Kshared q.center s‖ := by
RHFormalization/CanonicalPrimePowerUniformWindowError.lean:66:      ‖q.weightC‖ * ε := by
RHFormalization/CanonicalPrimePowerUniformWindowError.lean:70:            (norm_nonneg q.weightC)
RHFormalization/CanonicalPrimePowerUniformWindowError.lean:81:    (q : PrimePowerPair)
RHFormalization/CanonicalPrimePowerUniformWindowError.lean:88:      ‖q.weightC‖ * windowError := by
RHFormalization/CanonicalPrimePowerUniformWindowError.lean:104:  `‖q.weightC‖`.
RHFormalization/CanonicalPrimePowerUniformWindowError.lean:120:    ∀ q : PrimePowerPair,
RHFormalization/CanonicalPrimePowerUniformWindowError.lean:127:  majorant : PrimePowerPair → ℝ
RHFormalization/CanonicalPrimePowerUniformWindowError.lean:131:    ∀ q : PrimePowerPair, 0 ≤ majorant q
RHFormalization/CanonicalPrimePowerUniformWindowError.lean:139:      ∀ q : PrimePowerPair,
RHFormalization/CanonicalPrimePowerUniformWindowError.lean:140:        ‖q.weightC * Kshared q.center s‖ ≤ majorant q
RHFormalization/CanonicalPrimePowerUniformWindowError.lean:146:  /-- Uniform bound for finite-stage weighted masses `∑ ‖q.weightC‖`. -/
RHFormalization/CanonicalPrimePowerUniformWindowError.lean:156:  h_weightC_mass_sum_le_bound :
RHFormalization/CanonicalPrimePowerUniformWindowError.lean:159:        (fun q : PrimePowerPair => ‖q.weightC‖) ≤
RHFormalization/CanonicalPrimePowerUniformWindowError.lean:188:      ∀ q : PrimePowerPair,
RHFormalization/CanonicalPrimePowerUniformWindowError.lean:197:The abstract mass is chosen as `‖q.weightC‖`, and the weighted pointwise estimate
RHFormalization/CanonicalPrimePowerUniformWindowError.lean:212:    weightMass := fun q : PrimePowerPair => ‖q.weightC‖
RHFormalization/CanonicalPrimePowerUniformWindowError.lean:215:      exact norm_nonneg q.weightC
RHFormalization/CanonicalPrimePowerUniformWindowError.lean:219:    h_weightMass_sum_le_bound := S.h_weightC_mass_sum_le_bound
RHFormalization/CanonicalPrimePowerUniformWindowError.lean:272:      ∑' q : PrimePowerPair,
RHFormalization/CanonicalPrimePowerUniformWindowError.lean:273:        q.weightC * S.Kshared q.center s := by
RHFormalization/CanonicalPrimePowerRCutoffRatePackaged.lean:57:    ∀ q : PrimePowerPair,
RHFormalization/CanonicalPrimePowerRCutoffRatePackaged.lean:66:    ∀ q : PrimePowerPair,
RHFormalization/CanonicalPrimePowerRCutoffRatePackaged.lean:71:  kernelMajorant : PrimePowerPair → ℝ
RHFormalization/CanonicalPrimePowerRCutoffRatePackaged.lean:75:    ∀ q : PrimePowerPair, 0 ≤ kernelMajorant q
RHFormalization/CanonicalPrimePowerRCutoffRatePackaged.lean:82:      ∀ q : PrimePowerPair,
RHFormalization/CanonicalPrimePowerRCutoffRatePackaged.lean:90:      (fun q : PrimePowerPair =>
RHFormalization/CanonicalPrimePowerRCutoffRatePackaged.lean:91:        ‖q.weightC‖ * kernelMajorant q)
RHFormalization/CanonicalPrimePowerRCutoffRatePackaged.lean:112:    `(∑ q in belowCutoff R_n, ‖q.weightC‖) * windowError_n → 0`.
RHFormalization/CanonicalPrimePowerRCutoffRatePackaged.lean:119:            (fun q : PrimePowerPair => ‖q.weightC‖)
RHFormalization/CanonicalPrimePowerRCutoffRatePackaged.lean:220:      ∑' q : PrimePowerPair,
RHFormalization/CanonicalPrimePowerRCutoffRatePackaged.lean:221:        q.weightC * S.Kshared q.center s := by
RHFormalization/CanonicalPrimePowerDWindowExactMassExactSpeed.lean:59:    ∀ q : PrimePowerPair,
RHFormalization/CanonicalPrimePowerDWindowExactMassExactSpeed.lean:66:    ∀ q : PrimePowerPair,
RHFormalization/CanonicalPrimePowerDWindowExactMassExactSpeed.lean:71:  kernelMajorant : PrimePowerPair → ℝ
RHFormalization/CanonicalPrimePowerDWindowExactMassExactSpeed.lean:75:    ∀ q : PrimePowerPair, 0 ≤ kernelMajorant q
RHFormalization/CanonicalPrimePowerDWindowExactMassExactSpeed.lean:80:      ∀ q : PrimePowerPair,
RHFormalization/CanonicalPrimePowerDWindowExactMassExactSpeed.lean:86:      (fun q : PrimePowerPair =>
RHFormalization/CanonicalPrimePowerDWindowExactMassExactSpeed.lean:87:        ‖q.weightC‖ * kernelMajorant q)
RHFormalization/CanonicalPrimePowerDWindowExactMassExactSpeed.lean:186:      ∑' q : PrimePowerPair,
RHFormalization/CanonicalPrimePowerDWindowExactMassExactSpeed.lean:187:        q.weightC * S.Kshared q.center s := by
RHFormalization/CanonicalPrimePowerDWindowSeparatedRateBudget.lean:92:    ∀ q : PrimePowerPair,
RHFormalization/CanonicalPrimePowerDWindowSeparatedRateBudget.lean:99:    ∀ q : PrimePowerPair,
RHFormalization/CanonicalPrimePowerDWindowSeparatedRateBudget.lean:104:  kernelMajorant : PrimePowerPair → ℝ
RHFormalization/CanonicalPrimePowerDWindowSeparatedRateBudget.lean:108:    ∀ q : PrimePowerPair, 0 ≤ kernelMajorant q
RHFormalization/CanonicalPrimePowerDWindowSeparatedRateBudget.lean:113:      ∀ q : PrimePowerPair,
RHFormalization/CanonicalPrimePowerDWindowSeparatedRateBudget.lean:119:      (fun q : PrimePowerPair =>
RHFormalization/CanonicalPrimePowerDWindowSeparatedRateBudget.lean:120:        ‖q.weightC‖ * kernelMajorant q)
RHFormalization/CanonicalPrimePowerDWindowSeparatedRateBudget.lean:145:        (fun q : PrimePowerPair => ‖q.weightC‖) ≤
RHFormalization/CanonicalPrimePowerDWindowSeparatedRateBudget.lean:286:      ∑' q : PrimePowerPair,
RHFormalization/CanonicalPrimePowerDWindowSeparatedRateBudget.lean:287:        q.weightC * S.Kshared q.center s := by
RHFormalization/CanonicalPrimePowerSummabilityMajorant.lean:12:  ∑' q : PrimePowerPair, q.weightC * Kshared q.center s
RHFormalization/CanonicalPrimePowerSummabilityMajorant.lean:19:  ‖q.weightC * Kshared q.center s‖ ≤ majorant q,
RHFormalization/CanonicalPrimePowerSummabilityMajorant.lean:56:    ∀ q : PrimePowerPair,
RHFormalization/CanonicalPrimePowerSummabilityMajorant.lean:67:    ∀ q : PrimePowerPair,
RHFormalization/CanonicalPrimePowerSummabilityMajorant.lean:74:  majorant : PrimePowerPair → ℝ
RHFormalization/CanonicalPrimePowerSummabilityMajorant.lean:78:    ∀ q : PrimePowerPair, 0 ≤ majorant q
RHFormalization/CanonicalPrimePowerSummabilityMajorant.lean:86:      ∀ q : PrimePowerPair,
RHFormalization/CanonicalPrimePowerSummabilityMajorant.lean:87:        ‖q.weightC * Kshared q.center s‖ ≤ majorant q
RHFormalization/CanonicalPrimePowerSummabilityMajorant.lean:111:            (fun q : PrimePowerPair =>
RHFormalization/CanonicalPrimePowerSummabilityMajorant.lean:112:              ‖q.weightC * S.Kshared q.center s‖) :=
RHFormalization/CanonicalPrimePowerSummabilityMajorant.lean:114:          (fun q : PrimePowerPair =>
RHFormalization/CanonicalPrimePowerSummabilityMajorant.lean:115:            norm_nonneg (q.weightC * S.Kshared q.center s))
RHFormalization/CanonicalPrimePowerSummabilityMajorant.lean:116:          (fun q : PrimePowerPair =>
RHFormalization/CanonicalPrimePowerSummabilityMajorant.lean:156:      ∑' q : PrimePowerPair,
RHFormalization/CanonicalPrimePowerSummabilityMajorant.lean:157:        q.weightC * S.Kshared q.center s := by
RHFormalization/CanonicalPrimePowerSummedKernelError.lean:53:    ∀ q : PrimePowerPair,
RHFormalization/CanonicalPrimePowerSummedKernelError.lean:60:  majorant : PrimePowerPair → ℝ
RHFormalization/CanonicalPrimePowerSummedKernelError.lean:64:    ∀ q : PrimePowerPair, 0 ≤ majorant q
RHFormalization/CanonicalPrimePowerSummedKernelError.lean:72:      ∀ q : PrimePowerPair,
RHFormalization/CanonicalPrimePowerSummedKernelError.lean:73:        ‖q.weightC * Kshared q.center s‖ ≤ majorant q
RHFormalization/CanonicalPrimePowerSummedKernelError.lean:80:  termError : ℂ → ℕ → PrimePowerPair → ℝ
RHFormalization/CanonicalPrimePowerSummedKernelError.lean:88:      ∀ q : PrimePowerPair,
RHFormalization/CanonicalPrimePowerSummedKernelError.lean:99:      ∀ q : PrimePowerPair,
RHFormalization/CanonicalPrimePowerSummedKernelError.lean:101:          ‖q.weightC *
RHFormalization/CanonicalPrimePowerSummedKernelError.lean:103:            q.weightC * Kshared q.center s‖ ≤
RHFormalization/CanonicalPrimePowerSummedKernelError.lean:116:            (fun q : PrimePowerPair => termError s n q))
RHFormalization/CanonicalPrimePowerSummedKernelError.lean:140:        (fun q : PrimePowerPair => S.termError s n q)
RHFormalization/CanonicalPrimePowerSummedKernelError.lean:196:      ∑' q : PrimePowerPair,
RHFormalization/CanonicalPrimePowerSummedKernelError.lean:197:        q.weightC * S.Kshared q.center s := by
RHFormalization/CanonicalPrimePowerKernelErrorBound.lean:83:    (fun q : PrimePowerPair =>
RHFormalization/CanonicalPrimePowerKernelErrorBound.lean:84:      q.weightC * Kshared q.center s)
RHFormalization/CanonicalPrimePowerKernelErrorBound.lean:109:    ∀ q : PrimePowerPair,
RHFormalization/CanonicalPrimePowerKernelErrorBound.lean:116:  majorant : PrimePowerPair → ℝ
RHFormalization/CanonicalPrimePowerKernelErrorBound.lean:120:    ∀ q : PrimePowerPair, 0 ≤ majorant q
RHFormalization/CanonicalPrimePowerKernelErrorBound.lean:128:      ∀ q : PrimePowerPair,
RHFormalization/CanonicalPrimePowerKernelErrorBound.lean:129:        ‖q.weightC * Kshared q.center s‖ ≤ majorant q
RHFormalization/CanonicalPrimePowerKernelErrorBound.lean:227:      ∑' q : PrimePowerPair,
RHFormalization/CanonicalPrimePowerKernelErrorBound.lean:228:        q.weightC * S.Kshared q.center s := by
RHFormalization/CanonicalPrimePowerPackage.lean:35:abbrev PrimePowerPair : Type :=
RHFormalization/CanonicalPrimePowerPackage.lean:39:def PrimePowerPair.p (q : PrimePowerPair) : ℕ :=
RHFormalization/CanonicalPrimePowerPackage.lean:43:def PrimePowerPair.m (q : PrimePowerPair) : ℕ :=
RHFormalization/CanonicalPrimePowerPackage.lean:47:def IsPrimePowerPair (q : PrimePowerPair) : Prop :=
RHFormalization/CanonicalPrimePowerPackage.lean:51:def PrimePowerPair.natValue (q : PrimePowerPair) : ℕ :=
RHFormalization/CanonicalPrimePowerPackage.lean:55:noncomputable def PrimePowerPair.center (q : PrimePowerPair) : ℝ :=
RHFormalization/CanonicalPrimePowerPackage.lean:56:  Real.log ((q.natValue : ℕ) : ℝ)
RHFormalization/CanonicalPrimePowerPackage.lean:63:noncomputable def PrimePowerPair.weightReal (q : PrimePowerPair) : ℝ := by
RHFormalization/CanonicalPrimePowerPackage.lean:66:    if IsPrimePowerPair q then
RHFormalization/CanonicalPrimePowerPackage.lean:67:      Real.log ((q.p : ℕ) : ℝ) / Real.sqrt ((q.natValue : ℕ) : ℝ)
RHFormalization/CanonicalPrimePowerPackage.lean:72:noncomputable def PrimePowerPair.weightC (q : PrimePowerPair) : ℂ :=
RHFormalization/CanonicalPrimePowerPackage.lean:73:  (q.weightReal : ℂ)
RHFormalization/CanonicalPrimePowerPackage.lean:91:    (I : Finset PrimePowerPair)
RHFormalization/CanonicalPrimePowerPackage.lean:96:      q.weightC * K q.center s)
RHFormalization/CanonicalPrimePowerPackage.lean:115:  indices : Finset PrimePowerPair
RHFormalization/CanonicalPrimePowerHeatKernelGaussianCoreBounds.lean:23:theorem norm_weightC_eq_abs_weightReal
RHFormalization/CanonicalPrimePowerHeatKernelGaussianCoreBounds.lean:24:    (q : PrimePowerPair) :
RHFormalization/CanonicalPrimePowerHeatKernelGaussianCoreBounds.lean:25:    ‖q.weightC‖ = |q.weightReal| := by
RHFormalization/CanonicalPrimePowerHeatKernelGaussianCoreBounds.lean:26:  simpa [PrimePowerPair.weightC] using Complex.norm_ofReal q.weightReal
RHFormalization/CanonicalPrimePowerHeatKernelGaussianCoreBounds.lean:31:theorem heatKernelGaussianCoreEnvelope_eq_abs_weightReal
RHFormalization/CanonicalPrimePowerHeatKernelGaussianCoreBounds.lean:34:      fun q : PrimePowerPair =>
RHFormalization/CanonicalPrimePowerHeatKernelGaussianCoreBounds.lean:35:        |q.weightReal| *
RHFormalization/CanonicalPrimePowerHeatKernelGaussianCoreBounds.lean:38:  simp [heatKernelGaussianCoreEnvelope, norm_weightC_eq_abs_weightReal]
RHFormalization/CanonicalPrimePowerHeatKernelGaussianCoreBounds.lean:45:    (q : PrimePowerPair) :
RHFormalization/CanonicalPrimePowerHeatKernelGaussianCoreBounds.lean:50:      (norm_nonneg q.weightC)
RHFormalization/CanonicalPrimePowerCutoffMassEnumeration.lean:16:  `belowCutoff R : Finset PrimePowerPair`
RHFormalization/CanonicalPrimePowerCutoffMassEnumeration.lean:22:  `∑ q in belowCutoff R, ‖q.weightC‖`.
RHFormalization/CanonicalPrimePowerCutoffMassEnumeration.lean:41:  belowCutoff : ℝ → Finset PrimePowerPair
RHFormalization/CanonicalPrimePowerCutoffMassEnumeration.lean:48:    ∀ q : PrimePowerPair,
RHFormalization/CanonicalPrimePowerCutoffMassEnumeration.lean:62:        (fun q : PrimePowerPair => ‖q.weightC‖)
RHFormalization/CanonicalPrimePowerCutoffMassEnumeration.lean:68:          (fun q hq => norm_nonneg q.weightC)
RHFormalization/CanonicalPrimePowerCutoffMassEnumeration.lean:70:    h_weightC_mass_le_of_center_le := by
RHFormalization/CanonicalPrimePowerCutoffMassEnumeration.lean:78:            norm_nonneg q.weightC) }
RHFormalization/CanonicalPrimePowerCutoffMassEnumeration.lean:106:    ∀ q : PrimePowerPair,
RHFormalization/CanonicalPrimePowerCutoffMassEnumeration.lean:115:    ∀ q : PrimePowerPair,
RHFormalization/CanonicalPrimePowerCutoffMassEnumeration.lean:120:  kernelMajorant : PrimePowerPair → ℝ
RHFormalization/CanonicalPrimePowerCutoffMassEnumeration.lean:124:    ∀ q : PrimePowerPair, 0 ≤ kernelMajorant q
RHFormalization/CanonicalPrimePowerCutoffMassEnumeration.lean:131:      ∀ q : PrimePowerPair,
RHFormalization/CanonicalPrimePowerCutoffMassEnumeration.lean:139:      (fun q : PrimePowerPair =>
RHFormalization/CanonicalPrimePowerCutoffMassEnumeration.lean:140:        ‖q.weightC‖ * kernelMajorant q)
RHFormalization/CanonicalPrimePowerCutoffMassEnumeration.lean:161:    `(∑ q in belowCutoff R_n, ‖q.weightC‖) * windowError_n → 0`.
RHFormalization/CanonicalPrimePowerCutoffMassEnumeration.lean:168:            (fun q : PrimePowerPair => ‖q.weightC‖)
RHFormalization/CanonicalPrimePowerCutoffMassEnumeration.lean:179:      ∀ q : PrimePowerPair,
RHFormalization/CanonicalPrimePowerCutoffMassEnumeration.lean:249:      ∑' q : PrimePowerPair,
RHFormalization/CanonicalPrimePowerCutoffMassEnumeration.lean:250:        q.weightC * S.Kshared q.center s := by
RHFormalization/PrimePowerWeightNormalizationLock.lean:39:theorem PrimePowerPair.weightC_eq_coe_weightReal
RHFormalization/PrimePowerWeightNormalizationLock.lean:40:    (q : PrimePowerPair) :
RHFormalization/PrimePowerWeightNormalizationLock.lean:41:    q.weightC = (q.weightReal : ℂ) := by
RHFormalization/PrimePowerWeightNormalizationLock.lean:46:using `q.weightC`.
RHFormalization/PrimePowerWeightNormalizationLock.lean:49:    (I : Finset PrimePowerPair)
RHFormalization/PrimePowerWeightNormalizationLock.lean:53:      I.sum (fun q : PrimePowerPair => q.weightC * K q.center s) := by
RHFormalization/PrimePowerWeightNormalizationLock.lean:58:complexification of `q.weightReal`.
RHFormalization/PrimePowerWeightNormalizationLock.lean:60:theorem finiteCanonicalPrimePowerPackage_eq_weightReal_sum
RHFormalization/PrimePowerWeightNormalizationLock.lean:61:    (I : Finset PrimePowerPair)
RHFormalization/PrimePowerWeightNormalizationLock.lean:65:      I.sum (fun q : PrimePowerPair => (q.weightReal : ℂ) * K q.center s) := by
RHFormalization/PrimePowerWeightNormalizationLock.lean:66:  simp [finiteCanonicalPrimePowerPackage, PrimePowerPair.weightC_eq_coe_weightReal]
RHFormalization/CanonicalPrimePowerHeatKernelNatValueMajorantSummability.lean:10:  ‖q.weightC‖ * (q.natValue : ℝ)^(-3).
RHFormalization/CanonicalPrimePowerHeatKernelNatValueMajorantSummability.lean:26:    PrimePowerPair → ℝ :=
RHFormalization/CanonicalPrimePowerHeatKernelNatValueMajorantSummability.lean:27:  fun q : PrimePowerPair =>
RHFormalization/CanonicalPrimePowerHeatKernelNatValueMajorantSummability.lean:28:    ‖q.weightC‖ * ((q.natValue : ℝ) ^ 3)⁻¹
RHFormalization/CanonicalPrimePowerHeatKernelNatValueMajorantSummability.lean:31:The next real theorem: the natValue majorant is summable.
RHFormalization/CanonicalPrimePowerHeatKernelNatValueMajorantSummability.lean:42:  --     (fun q : PrimePowerPair =>
RHFormalization/CanonicalPrimePowerHeatKernelNatValueMajorantSummability.lean:43:  --       ‖q.weightC‖ * ((q.natValue : ℝ) ^ 3)⁻¹)
RHFormalization/CanonicalPrimePowerHeatKernelNatValueMajorantSummability.lean:46:  --   q.weightReal =
RHFormalization/CanonicalPrimePowerHeatKernelNatValueMajorantSummability.lean:47:  --     if IsPrimePowerPair q then Real.log ↑q.p / √↑q.natValue else 0
RHFormalization/CanonicalPrimePowerHeatKernelNatValueMajorantSummability.lean:48:  --   q.weightC = ↑q.weightReal
RHFormalization/CanonicalPrimePowerHeatKernelNatValueMajorantSummability.lean:49:  --   q.natValue = q.p ^ q.m
RHFormalization/CanonicalPrimePowerHeatKernelNatValueMajorantSummability.lean:53:  --   ‖q.weightC‖ * q.natValue^(-3)
RHFormalization/CanonicalPrimePowerWindowMassError.lean:14:    ‖q.weightC * Kstage_n q.center s
RHFormalization/CanonicalPrimePowerWindowMassError.lean:15:      - q.weightC * Kshared q.center s‖ → 0.
RHFormalization/CanonicalPrimePowerWindowMassError.lean:84:    (weightMass : PrimePowerPair → ℝ)
RHFormalization/CanonicalPrimePowerWindowMassError.lean:88:      ∀ q : PrimePowerPair, 0 ≤ weightMass q)
RHFormalization/CanonicalPrimePowerWindowMassError.lean:94:          (fun q : PrimePowerPair => weightMass q) ≤
RHFormalization/CanonicalPrimePowerWindowMassError.lean:102:      ∀ q : PrimePowerPair,
RHFormalization/CanonicalPrimePowerWindowMassError.lean:115:          (fun q : PrimePowerPair =>
RHFormalization/CanonicalPrimePowerWindowMassError.lean:128:        (fun q : PrimePowerPair =>
RHFormalization/CanonicalPrimePowerWindowMassError.lean:152:    let I : Finset PrimePowerPair :=
RHFormalization/CanonicalPrimePowerWindowMassError.lean:157:          (fun q : PrimePowerPair =>
RHFormalization/CanonicalPrimePowerWindowMassError.lean:167:          (fun q : PrimePowerPair =>
RHFormalization/CanonicalPrimePowerWindowMassError.lean:174:        (I.sum (fun q : PrimePowerPair => weightMass q)) *
RHFormalization/CanonicalPrimePowerWindowMassError.lean:179:              (f := fun q : PrimePowerPair => weightMass q)
RHFormalization/CanonicalPrimePowerWindowMassError.lean:246:    ∀ q : PrimePowerPair,
RHFormalization/CanonicalPrimePowerWindowMassError.lean:253:  majorant : PrimePowerPair → ℝ
RHFormalization/CanonicalPrimePowerWindowMassError.lean:257:    ∀ q : PrimePowerPair, 0 ≤ majorant q
RHFormalization/CanonicalPrimePowerWindowMassError.lean:265:      ∀ q : PrimePowerPair,
RHFormalization/CanonicalPrimePowerWindowMassError.lean:266:        ‖q.weightC * Kshared q.center s‖ ≤ majorant q
RHFormalization/CanonicalPrimePowerWindowMassError.lean:274:  Typically this is comparable to `‖q.weightC‖`, possibly with an additional
RHFormalization/CanonicalPrimePowerWindowMassError.lean:277:  weightMass : PrimePowerPair → ℝ
RHFormalization/CanonicalPrimePowerWindowMassError.lean:281:    ∀ q : PrimePowerPair, 0 ≤ weightMass q
RHFormalization/CanonicalPrimePowerWindowMassError.lean:296:        (fun q : PrimePowerPair => weightMass q) ≤
RHFormalization/CanonicalPrimePowerWindowMassError.lean:325:      ∀ q : PrimePowerPair,
RHFormalization/CanonicalPrimePowerWindowMassError.lean:405:      ∑' q : PrimePowerPair,
RHFormalization/CanonicalPrimePowerWindowMassError.lean:406:        q.weightC * S.Kshared q.center s := by
RHFormalization/CanonicalPrimePowerSharedKernelMajorant.lean:16:  ‖q.weightC * Kshared q.center s‖ ≤ majorant q.
RHFormalization/CanonicalPrimePowerSharedKernelMajorant.lean:20:  majorant q := ‖q.weightC‖ * kernelMajorant q,
RHFormalization/CanonicalPrimePowerSharedKernelMajorant.lean:34:weighted shared term is bounded by `‖q.weightC‖ * kernelMajorant q`.
RHFormalization/CanonicalPrimePowerSharedKernelMajorant.lean:37:    (q : PrimePowerPair)
RHFormalization/CanonicalPrimePowerSharedKernelMajorant.lean:40:    (kernelMajorant : PrimePowerPair → ℝ)
RHFormalization/CanonicalPrimePowerSharedKernelMajorant.lean:43:    ‖q.weightC * Kshared q.center s‖ ≤
RHFormalization/CanonicalPrimePowerSharedKernelMajorant.lean:44:      ‖q.weightC‖ * kernelMajorant q := by
RHFormalization/CanonicalPrimePowerSharedKernelMajorant.lean:46:    ‖q.weightC * Kshared q.center s‖
RHFormalization/CanonicalPrimePowerSharedKernelMajorant.lean:48:      ‖q.weightC‖ * ‖Kshared q.center s‖ := by
RHFormalization/CanonicalPrimePowerSharedKernelMajorant.lean:51:      ‖q.weightC‖ * kernelMajorant q := by
RHFormalization/CanonicalPrimePowerSharedKernelMajorant.lean:55:            (norm_nonneg q.weightC)
RHFormalization/CanonicalPrimePowerSharedKernelMajorant.lean:64:* summability of the weighted majorant `‖q.weightC‖ * kernelMajorant q`.
RHFormalization/CanonicalPrimePowerSharedKernelMajorant.lean:78:    ∀ q : PrimePowerPair,
RHFormalization/CanonicalPrimePowerSharedKernelMajorant.lean:87:  kernelMajorant : PrimePowerPair → ℝ
RHFormalization/CanonicalPrimePowerSharedKernelMajorant.lean:91:    ∀ q : PrimePowerPair, 0 ≤ kernelMajorant q
RHFormalization/CanonicalPrimePowerSharedKernelMajorant.lean:98:      ∀ q : PrimePowerPair,
RHFormalization/CanonicalPrimePowerSharedKernelMajorant.lean:106:      (fun q : PrimePowerPair =>
RHFormalization/CanonicalPrimePowerSharedKernelMajorant.lean:107:        ‖q.weightC‖ * kernelMajorant q)
RHFormalization/CanonicalPrimePowerSharedKernelMajorant.lean:109:  /-- Uniform bound for finite-stage weighted masses `∑ ‖q.weightC‖`. -/
RHFormalization/CanonicalPrimePowerSharedKernelMajorant.lean:119:  h_weightC_mass_sum_le_bound :
RHFormalization/CanonicalPrimePowerSharedKernelMajorant.lean:122:        (fun q : PrimePowerPair => ‖q.weightC‖) ≤
RHFormalization/CanonicalPrimePowerSharedKernelMajorant.lean:151:      ∀ q : PrimePowerPair,
RHFormalization/CanonicalPrimePowerSharedKernelMajorant.lean:162:  `fun q => ‖q.weightC‖ * kernelMajorant q`.
RHFormalization/CanonicalPrimePowerSharedKernelMajorant.lean:174:      fun q : PrimePowerPair =>
RHFormalization/CanonicalPrimePowerSharedKernelMajorant.lean:175:        ‖q.weightC‖ * S.kernelMajorant q
RHFormalization/CanonicalPrimePowerSharedKernelMajorant.lean:181:          (norm_nonneg q.weightC)
RHFormalization/CanonicalPrimePowerSharedKernelMajorant.lean:199:    h_weightC_mass_sum_le_bound := S.h_weightC_mass_sum_le_bound
RHFormalization/CanonicalPrimePowerSharedKernelMajorant.lean:240:      ∑' q : PrimePowerPair,
RHFormalization/CanonicalPrimePowerSharedKernelMajorant.lean:241:        q.weightC * S.Kshared q.center s := by
RHFormalization/CanonicalPrimePowerProductWindowError.lean:13:  ∑ q in indices(alpha n), ‖q.weightC‖ ≤ weightMassBound.
RHFormalization/CanonicalPrimePowerProductWindowError.lean:18:  (∑ q in indices(alpha n), ‖q.weightC‖) * windowError s n → 0.
RHFormalization/CanonicalPrimePowerProductWindowError.lean:38:theorem actual_kernel_error_sum_tendsto_zero_of_weightC_window_product
RHFormalization/CanonicalPrimePowerProductWindowError.lean:46:    (h_weightC_window_product_tendsto_zero :
RHFormalization/CanonicalPrimePowerProductWindowError.lean:50:            (fun q : PrimePowerPair => ‖q.weightC‖)) *
RHFormalization/CanonicalPrimePowerProductWindowError.lean:56:      ∀ q : PrimePowerPair,
RHFormalization/CanonicalPrimePowerProductWindowError.lean:64:          (fun q : PrimePowerPair =>
RHFormalization/CanonicalPrimePowerProductWindowError.lean:78:          (fun q : PrimePowerPair =>
RHFormalization/CanonicalPrimePowerProductWindowError.lean:88:          (fun q : PrimePowerPair => ‖q.weightC‖)) *
RHFormalization/CanonicalPrimePowerProductWindowError.lean:99:        let I : Finset PrimePowerPair :=
RHFormalization/CanonicalPrimePowerProductWindowError.lean:104:              (fun q : PrimePowerPair =>
RHFormalization/CanonicalPrimePowerProductWindowError.lean:114:              (fun q : PrimePowerPair =>
RHFormalization/CanonicalPrimePowerProductWindowError.lean:115:                ‖q.weightC‖ * windowError n) := by
RHFormalization/CanonicalPrimePowerProductWindowError.lean:129:            (I.sum (fun q : PrimePowerPair => ‖q.weightC‖)) *
RHFormalization/CanonicalPrimePowerProductWindowError.lean:134:                  (f := fun q : PrimePowerPair => ‖q.weightC‖)
RHFormalization/CanonicalPrimePowerProductWindowError.lean:141:              (fun q hq => norm_nonneg q.weightC))
RHFormalization/CanonicalPrimePowerProductWindowError.lean:143:      h_weightC_window_product_tendsto_zero
RHFormalization/CanonicalPrimePowerProductWindowError.lean:165:    ∀ q : PrimePowerPair,
RHFormalization/CanonicalPrimePowerProductWindowError.lean:172:  kernelMajorant : PrimePowerPair → ℝ
RHFormalization/CanonicalPrimePowerProductWindowError.lean:176:    ∀ q : PrimePowerPair, 0 ≤ kernelMajorant q
RHFormalization/CanonicalPrimePowerProductWindowError.lean:183:      ∀ q : PrimePowerPair,
RHFormalization/CanonicalPrimePowerProductWindowError.lean:191:      (fun q : PrimePowerPair =>
RHFormalization/CanonicalPrimePowerProductWindowError.lean:192:        ‖q.weightC‖ * kernelMajorant q)
RHFormalization/CanonicalPrimePowerProductWindowError.lean:209:  h_weightC_window_product_tendsto_zero :
RHFormalization/CanonicalPrimePowerProductWindowError.lean:214:            (fun q : PrimePowerPair => ‖q.weightC‖)) *
RHFormalization/CanonicalPrimePowerProductWindowError.lean:225:      ∀ q : PrimePowerPair,
RHFormalization/CanonicalPrimePowerProductWindowError.lean:245:      fun q : PrimePowerPair =>
RHFormalization/CanonicalPrimePowerProductWindowError.lean:246:        ‖q.weightC‖ * S.kernelMajorant q
RHFormalization/CanonicalPrimePowerProductWindowError.lean:252:          (norm_nonneg q.weightC)
RHFormalization/CanonicalPrimePowerProductWindowError.lean:271:        actual_kernel_error_sum_tendsto_zero_of_weightC_window_product
RHFormalization/CanonicalPrimePowerProductWindowError.lean:278:          (S.h_weightC_window_product_tendsto_zero s hs)
RHFormalization/CanonicalPrimePowerProductWindowError.lean:315:      ∑' q : PrimePowerPair,
RHFormalization/CanonicalPrimePowerProductWindowError.lean:316:        q.weightC * S.Kshared q.center s := by
RHFormalization/CanonicalPrimePowerWeightedSummabilityEnvelope.lean:13:    Summable (fun q => ‖q.weightC‖ * kernelMajorant q).
RHFormalization/CanonicalPrimePowerWeightedSummabilityEnvelope.lean:17:  ‖q.weightC‖ * kernelMajorant q ≤ summabilityEnvelope q,
RHFormalization/CanonicalPrimePowerWeightedSummabilityEnvelope.lean:36:    (kernelMajorant summabilityEnvelope : PrimePowerPair → ℝ)
RHFormalization/CanonicalPrimePowerWeightedSummabilityEnvelope.lean:38:      ∀ q : PrimePowerPair, 0 ≤ kernelMajorant q)
RHFormalization/CanonicalPrimePowerWeightedSummabilityEnvelope.lean:40:      ∀ q : PrimePowerPair,
RHFormalization/CanonicalPrimePowerWeightedSummabilityEnvelope.lean:41:        ‖q.weightC‖ * kernelMajorant q ≤ summabilityEnvelope q)
RHFormalization/CanonicalPrimePowerWeightedSummabilityEnvelope.lean:45:      (fun q : PrimePowerPair =>
RHFormalization/CanonicalPrimePowerWeightedSummabilityEnvelope.lean:46:        ‖q.weightC‖ * kernelMajorant q) := by
RHFormalization/CanonicalPrimePowerWeightedSummabilityEnvelope.lean:49:      (fun q : PrimePowerPair =>
RHFormalization/CanonicalPrimePowerWeightedSummabilityEnvelope.lean:51:          (norm_nonneg q.weightC)
RHFormalization/CanonicalPrimePowerWeightedSummabilityEnvelope.lean:88:    ∀ q : PrimePowerPair,
RHFormalization/CanonicalPrimePowerWeightedSummabilityEnvelope.lean:95:    ∀ q : PrimePowerPair,
RHFormalization/CanonicalPrimePowerWeightedSummabilityEnvelope.lean:100:  kernelMajorant : PrimePowerPair → ℝ
RHFormalization/CanonicalPrimePowerWeightedSummabilityEnvelope.lean:104:    ∀ q : PrimePowerPair, 0 ≤ kernelMajorant q
RHFormalization/CanonicalPrimePowerWeightedSummabilityEnvelope.lean:132:    ∀ q : PrimePowerPair,
RHFormalization/CanonicalPrimePowerWeightedSummabilityEnvelope.lean:148:    ∀ q : PrimePowerPair,
RHFormalization/CanonicalPrimePowerWeightedSummabilityEnvelope.lean:154:  summabilityEnvelope : PrimePowerPair → ℝ
RHFormalization/CanonicalPrimePowerWeightedSummabilityEnvelope.lean:160:    ∀ q : PrimePowerPair,
RHFormalization/CanonicalPrimePowerWeightedSummabilityEnvelope.lean:161:      ‖q.weightC‖ * kernelMajorant q ≤ summabilityEnvelope q
RHFormalization/CanonicalPrimePowerWeightedSummabilityEnvelope.lean:273:      ∑' q : PrimePowerPair,
RHFormalization/CanonicalPrimePowerWeightedSummabilityEnvelope.lean:274:        q.weightC * S.Kshared q.center s := by
RHFormalization/CanonicalPrimePowerRCutoffGrowth.lean:78:    ∀ q : PrimePowerPair,
RHFormalization/CanonicalPrimePowerRCutoffGrowth.lean:83:  kernelMajorant : PrimePowerPair → ℝ
RHFormalization/CanonicalPrimePowerRCutoffGrowth.lean:87:    ∀ q : PrimePowerPair, 0 ≤ kernelMajorant q
RHFormalization/CanonicalPrimePowerRCutoffGrowth.lean:94:      ∀ q : PrimePowerPair,
RHFormalization/CanonicalPrimePowerRCutoffGrowth.lean:102:      (fun q : PrimePowerPair =>
RHFormalization/CanonicalPrimePowerRCutoffGrowth.lean:103:        ‖q.weightC‖ * kernelMajorant q)
RHFormalization/CanonicalPrimePowerRCutoffGrowth.lean:128:  h_weightC_mass_le_growth :
RHFormalization/CanonicalPrimePowerRCutoffGrowth.lean:131:        (fun q : PrimePowerPair => ‖q.weightC‖) ≤
RHFormalization/CanonicalPrimePowerRCutoffGrowth.lean:150:      ∀ q : PrimePowerPair,
RHFormalization/CanonicalPrimePowerRCutoffGrowth.lean:185:    h_weightC_mass_le_growth := S.h_weightC_mass_le_growth
RHFormalization/CanonicalPrimePowerRCutoffGrowth.lean:225:      ∑' q : PrimePowerPair,
RHFormalization/CanonicalPrimePowerRCutoffGrowth.lean:226:        q.weightC * S.Kshared q.center s := by
RHFormalization/CanonicalPrimePowerHeatKernelGaussianMajorant.lean:7:Bridge from the Nat log-Gaussian tail estimate to the PrimePowerPair
RHFormalization/CanonicalPrimePowerHeatKernelGaussianMajorant.lean:19:The log-Gaussian tail estimate applies to prime-power centers once `natValue`
RHFormalization/CanonicalPrimePowerHeatKernelGaussianMajorant.lean:22:theorem exists_natValue_threshold_exp_neg_center_sq_le_inv_cube
RHFormalization/CanonicalPrimePowerHeatKernelGaussianMajorant.lean:26:      ∀ q : PrimePowerPair,
RHFormalization/CanonicalPrimePowerHeatKernelGaussianMajorant.lean:27:        N ≤ q.natValue →
RHFormalization/CanonicalPrimePowerHeatKernelGaussianMajorant.lean:29:            ((q.natValue : ℝ) ^ 3)⁻¹ := by
RHFormalization/CanonicalPrimePowerHeatKernelGaussianMajorant.lean:36:  have htail := hN q.natValue hq
RHFormalization/CanonicalPrimePowerHeatKernelGaussianMajorant.lean:37:  simpa [PrimePowerPair.center] using htail
RHFormalization/CanonicalPrimePowerHeatKernelGaussianMajorant.lean:41:prime-power weight times `natValue^(-3)`.
RHFormalization/CanonicalPrimePowerHeatKernelGaussianMajorant.lean:43:theorem heatKernelGaussianCoreEnvelope_le_weight_mul_natValue_inv_cube_of_ge
RHFormalization/CanonicalPrimePowerHeatKernelGaussianMajorant.lean:47:      ∀ q : PrimePowerPair,
RHFormalization/CanonicalPrimePowerHeatKernelGaussianMajorant.lean:48:        N ≤ q.natValue →
RHFormalization/CanonicalPrimePowerHeatKernelGaussianMajorant.lean:50:            ‖q.weightC‖ * ((q.natValue : ℝ) ^ 3)⁻¹ := by
RHFormalization/CanonicalPrimePowerHeatKernelGaussianMajorant.lean:51:  rcases exists_natValue_threshold_exp_neg_center_sq_le_inv_cube t ht with
RHFormalization/CanonicalPrimePowerHeatKernelGaussianMajorant.lean:59:      (norm_nonneg q.weightC)
RHFormalization/CanonicalPrimePowerSoundCountingFactorBounds.lean:59:    ∀ q : PrimePowerPair,
RHFormalization/CanonicalPrimePowerSoundCountingFactorBounds.lean:66:    ∀ q : PrimePowerPair,
RHFormalization/CanonicalPrimePowerSoundCountingFactorBounds.lean:71:  kernelMajorant : PrimePowerPair → ℝ
RHFormalization/CanonicalPrimePowerSoundCountingFactorBounds.lean:75:    ∀ q : PrimePowerPair, 0 ≤ kernelMajorant q
RHFormalization/CanonicalPrimePowerSoundCountingFactorBounds.lean:95:    ∀ q : PrimePowerPair,
RHFormalization/CanonicalPrimePowerSoundCountingFactorBounds.lean:107:    ∀ q : PrimePowerPair,
RHFormalization/CanonicalPrimePowerSoundCountingFactorBounds.lean:111:  summabilityEnvelope : PrimePowerPair → ℝ
RHFormalization/CanonicalPrimePowerSoundCountingFactorBounds.lean:115:    ∀ q : PrimePowerPair,
RHFormalization/CanonicalPrimePowerSoundCountingFactorBounds.lean:116:      ‖q.weightC‖ * kernelMajorant q ≤ summabilityEnvelope q
RHFormalization/CanonicalPrimePowerSoundCountingFactorBounds.lean:291:      ∑' q : PrimePowerPair,
RHFormalization/CanonicalPrimePowerSoundCountingFactorBounds.lean:292:        q.weightC * S.Kshared q.center s := by
RHFormalization/AppendixDRCutoffEstimateDetailedConstruction.lean:152:      ∑' q : PrimePowerPair,
RHFormalization/AppendixDRCutoffEstimateDetailedConstruction.lean:153:        q.weightC * S.Kshared q.center s := by
RHFormalization/CanonicalPrimePowerActualKernelError.lean:14:  ‖q.weightC * Kstage q.center s - q.weightC * Kshared q.center s‖.
RHFormalization/CanonicalPrimePowerActualKernelError.lean:37:    (q : PrimePowerPair) : ℝ :=
RHFormalization/CanonicalPrimePowerActualKernelError.lean:38:  ‖q.weightC *
RHFormalization/CanonicalPrimePowerActualKernelError.lean:40:    q.weightC * Kshared q.center s‖
RHFormalization/CanonicalPrimePowerActualKernelError.lean:66:    ∀ q : PrimePowerPair,
RHFormalization/CanonicalPrimePowerActualKernelError.lean:73:  majorant : PrimePowerPair → ℝ
RHFormalization/CanonicalPrimePowerActualKernelError.lean:77:    ∀ q : PrimePowerPair, 0 ≤ majorant q
RHFormalization/CanonicalPrimePowerActualKernelError.lean:85:      ∀ q : PrimePowerPair,
RHFormalization/CanonicalPrimePowerActualKernelError.lean:86:        ‖q.weightC * Kshared q.center s‖ ≤ majorant q
RHFormalization/CanonicalPrimePowerActualKernelError.lean:103:            (fun q : PrimePowerPair =>
RHFormalization/CanonicalPrimePowerActualKernelError.lean:174:      ∑' q : PrimePowerPair,
RHFormalization/CanonicalPrimePowerActualKernelError.lean:175:        q.weightC * S.Kshared q.center s := by
RHFormalization/CanonicalPrimePowerTsumPrincipalPart.lean:20:  fun s => ∑' q, q.weightC * Kshared q.center s.
RHFormalization/CanonicalPrimePowerTsumPrincipalPart.lean:46:          ∑' q : PrimePowerPair,
RHFormalization/CanonicalPrimePowerTsumPrincipalPart.lean:47:            q.weightC * Kshared q.center s)
RHFormalization/CanonicalPrimePowerTsumPrincipalPart.lean:70:            ∑' q : PrimePowerPair,
RHFormalization/CanonicalPrimePowerTsumPrincipalPart.lean:71:              q.weightC * Kshared q.center s)
RHFormalization/CanonicalPrimePowerTsumPrincipalPart.lean:104:            ∑' q : PrimePowerPair,
RHFormalization/CanonicalPrimePowerTsumPrincipalPart.lean:105:              q.weightC * Kshared q.center s)
RHFormalization/CanonicalPrimePowerDWindowKernelIdentification.lean:41:    ℂ → PrimePowerPair → ℝ
RHFormalization/CanonicalPrimePowerDWindowKernelIdentification.lean:50:    ∀ q : PrimePowerPair,
RHFormalization/CanonicalPrimePowerDWindowKernelIdentification.lean:61:    ∀ q : PrimePowerPair,
RHFormalization/CanonicalPrimePowerDWindowKernelIdentification.lean:87:    ∀ q : PrimePowerPair,
RHFormalization/CanonicalPrimePowerDWindowKernelIdentification.lean:94:    ∀ q : PrimePowerPair,
RHFormalization/CanonicalPrimePowerDWindowKernelIdentification.lean:99:  kernelMajorant : PrimePowerPair → ℝ
RHFormalization/CanonicalPrimePowerDWindowKernelIdentification.lean:103:    ∀ q : PrimePowerPair, 0 ≤ kernelMajorant q
RHFormalization/CanonicalPrimePowerDWindowKernelIdentification.lean:108:      ∀ q : PrimePowerPair,
RHFormalization/CanonicalPrimePowerDWindowKernelIdentification.lean:114:      (fun q : PrimePowerPair =>
RHFormalization/CanonicalPrimePowerDWindowKernelIdentification.lean:115:        ‖q.weightC‖ * kernelMajorant q)
RHFormalization/CanonicalPrimePowerDWindowKernelIdentification.lean:140:        (fun q : PrimePowerPair => ‖q.weightC‖) ≤
RHFormalization/CanonicalPrimePowerDWindowKernelIdentification.lean:164:    ∀ q : PrimePowerPair,
RHFormalization/CanonicalPrimePowerDWindowKernelIdentification.lean:242:      ∑' q : PrimePowerPair,
RHFormalization/CanonicalPrimePowerDWindowKernelIdentification.lean:243:        q.weightC * S.Kshared q.center s := by
RHFormalization/CanonicalPrimePowerSharpCutoffSharedLimitMajorant.lean:52:    (kernelMajorant : PrimePowerPair → ℝ)
RHFormalization/CanonicalPrimePowerSharpCutoffSharedLimitMajorant.lean:56:      ∀ q : PrimePowerPair,
RHFormalization/CanonicalPrimePowerSharpCutoffSharedLimitMajorant.lean:60:    ∀ q : PrimePowerPair,
RHFormalization/CanonicalPrimePowerSharpCutoffSharedLimitMajorant.lean:102:    ∀ q : PrimePowerPair,
RHFormalization/CanonicalPrimePowerSharpCutoffSharedLimitMajorant.lean:108:    ∀ q : PrimePowerPair,
RHFormalization/CanonicalPrimePowerSharpCutoffSharedLimitMajorant.lean:112:  kernelMajorant : PrimePowerPair → ℝ
RHFormalization/CanonicalPrimePowerSharpCutoffSharedLimitMajorant.lean:115:    ∀ q : PrimePowerPair, 0 ≤ kernelMajorant q
RHFormalization/CanonicalPrimePowerSharpCutoffSharedLimitMajorant.lean:135:    ∀ q : PrimePowerPair,
RHFormalization/CanonicalPrimePowerSharpCutoffSharedLimitMajorant.lean:148:    ∀ q : PrimePowerPair,
RHFormalization/CanonicalPrimePowerSharpCutoffSharedLimitMajorant.lean:151:  summabilityEnvelope : PrimePowerPair → ℝ
RHFormalization/CanonicalPrimePowerSharpCutoffSharedLimitMajorant.lean:154:    ∀ q : PrimePowerPair,
RHFormalization/CanonicalPrimePowerSharpCutoffSharedLimitMajorant.lean:155:      ‖q.weightC‖ * kernelMajorant q ≤ summabilityEnvelope q
RHFormalization/CanonicalPrimePowerSharpCutoffSharedLimitMajorant.lean:248:      ∑' q : PrimePowerPair,
RHFormalization/CanonicalPrimePowerSharpCutoffSharedLimitMajorant.lean:249:        q.weightC * S.Kshared q.center s := by
RHFormalization/CanonicalPrimePowerCountingSetEnvelope.lean:40:  countSet : ℝ → Finset PrimePowerPair
RHFormalization/CanonicalPrimePowerCountingSetEnvelope.lean:148:    ∀ q : PrimePowerPair,
RHFormalization/CanonicalPrimePowerCountingSetEnvelope.lean:155:    ∀ q : PrimePowerPair,
RHFormalization/CanonicalPrimePowerCountingSetEnvelope.lean:160:  kernelMajorant : PrimePowerPair → ℝ
RHFormalization/CanonicalPrimePowerCountingSetEnvelope.lean:164:    ∀ q : PrimePowerPair, 0 ≤ kernelMajorant q
RHFormalization/CanonicalPrimePowerCountingSetEnvelope.lean:192:    ∀ q : PrimePowerPair,
RHFormalization/CanonicalPrimePowerCountingSetEnvelope.lean:208:    ∀ q : PrimePowerPair,
RHFormalization/CanonicalPrimePowerCountingSetEnvelope.lean:214:  summabilityEnvelope : PrimePowerPair → ℝ
RHFormalization/CanonicalPrimePowerCountingSetEnvelope.lean:220:    ∀ q : PrimePowerPair,
RHFormalization/CanonicalPrimePowerCountingSetEnvelope.lean:221:      ‖q.weightC‖ * kernelMajorant q ≤ summabilityEnvelope q
RHFormalization/CanonicalPrimePowerCountingSetEnvelope.lean:352:      ∑' q : PrimePowerPair,
RHFormalization/CanonicalPrimePowerCountingSetEnvelope.lean:353:        q.weightC * S.Kshared q.center s := by
RHFormalization/CanonicalPrimePowerKernelSeries.lean:57:      (Filter.atTop : Filter (Finset PrimePowerPair))
RHFormalization/CanonicalPrimePowerKernelSeries.lean:65:    ∀ q : PrimePowerPair,
RHFormalization/CanonicalPrimePowerKernelSeries.lean:78:        (fun q : PrimePowerPair => q.weightC * Kshared q.center s)
RHFormalization/CanonicalPrimePowerKernelSeries.lean:94:    term := fun q s => q.weightC * S.Kshared q.center s
RHFormalization/CanonicalPrimePowerKernelSeries.lean:104:            (fun q : PrimePowerPair => q.weightC * S.Kshared q.center s)
RHFormalization/CanonicalPrimePowerDWindowExactSpeed.lean:72:    ∀ q : PrimePowerPair,
RHFormalization/CanonicalPrimePowerDWindowExactSpeed.lean:159:    ∀ q : PrimePowerPair,
RHFormalization/CanonicalPrimePowerDWindowExactSpeed.lean:166:    ∀ q : PrimePowerPair,
RHFormalization/CanonicalPrimePowerDWindowExactSpeed.lean:171:  kernelMajorant : PrimePowerPair → ℝ
RHFormalization/CanonicalPrimePowerDWindowExactSpeed.lean:175:    ∀ q : PrimePowerPair, 0 ≤ kernelMajorant q
RHFormalization/CanonicalPrimePowerDWindowExactSpeed.lean:180:      ∀ q : PrimePowerPair,
RHFormalization/CanonicalPrimePowerDWindowExactSpeed.lean:186:      (fun q : PrimePowerPair =>
RHFormalization/CanonicalPrimePowerDWindowExactSpeed.lean:187:        ‖q.weightC‖ * kernelMajorant q)
RHFormalization/CanonicalPrimePowerDWindowExactSpeed.lean:323:      ∑' q : PrimePowerPair,
RHFormalization/CanonicalPrimePowerDWindowExactSpeed.lean:324:        q.weightC * S.Kshared q.center s := by
RHFormalization/CanonicalPrimePowerDWindowRateEstimate.lean:43:    (coord : PrimePowerPair → ℝ)
RHFormalization/CanonicalPrimePowerDWindowRateEstimate.lean:48:      ∀ q : PrimePowerPair,
RHFormalization/CanonicalPrimePowerDWindowRateEstimate.lean:53:      ∀ q : PrimePowerPair,
RHFormalization/CanonicalPrimePowerDWindowRateEstimate.lean:58:      ∀ q : PrimePowerPair,
RHFormalization/CanonicalPrimePowerDWindowRateEstimate.lean:65:    ∀ q : PrimePowerPair,
RHFormalization/CanonicalPrimePowerDWindowRateEstimate.lean:100:    PrimePowerPair → ℝ
RHFormalization/CanonicalPrimePowerDWindowRateEstimate.lean:112:    ∀ q : PrimePowerPair,
RHFormalization/CanonicalPrimePowerDWindowRateEstimate.lean:121:    ∀ q : PrimePowerPair,
RHFormalization/CanonicalPrimePowerDWindowRateEstimate.lean:130:    ∀ q : PrimePowerPair,
RHFormalization/CanonicalPrimePowerDWindowRateEstimate.lean:149:    ∀ q : PrimePowerPair,
RHFormalization/CanonicalPrimePowerHeatKernelWeightedSummability.lean:24:    PrimePowerPair → ℝ :=
RHFormalization/CanonicalPrimePowerHeatKernelWeightedSummability.lean:25:  fun q : PrimePowerPair =>
RHFormalization/CanonicalPrimePowerHeatKernelWeightedSummability.lean:26:    ‖q.weightC‖ *
RHFormalization/CanonicalPrimePowerSharpCutoffChosenLengthMassEnvelope.lean:71:    ∀ q : PrimePowerPair,
RHFormalization/CanonicalPrimePowerSharpCutoffChosenLengthMassEnvelope.lean:77:    ∀ q : PrimePowerPair,
RHFormalization/CanonicalPrimePowerSharpCutoffChosenLengthMassEnvelope.lean:81:  kernelMajorant : PrimePowerPair → ℝ
RHFormalization/CanonicalPrimePowerSharpCutoffChosenLengthMassEnvelope.lean:84:    ∀ q : PrimePowerPair, 0 ≤ kernelMajorant q
RHFormalization/CanonicalPrimePowerSharpCutoffChosenLengthMassEnvelope.lean:104:    ∀ q : PrimePowerPair,
RHFormalization/CanonicalPrimePowerSharpCutoffChosenLengthMassEnvelope.lean:111:    ∀ q : PrimePowerPair,
RHFormalization/CanonicalPrimePowerSharpCutoffChosenLengthMassEnvelope.lean:115:  summabilityEnvelope : PrimePowerPair → ℝ
RHFormalization/CanonicalPrimePowerSharpCutoffChosenLengthMassEnvelope.lean:118:    ∀ q : PrimePowerPair,
RHFormalization/CanonicalPrimePowerSharpCutoffChosenLengthMassEnvelope.lean:119:      ‖q.weightC‖ * kernelMajorant q ≤ summabilityEnvelope q
RHFormalization/CanonicalPrimePowerSharpCutoffChosenLengthMassEnvelope.lean:346:      ∑' q : PrimePowerPair,
RHFormalization/CanonicalPrimePowerSharpCutoffChosenLengthMassEnvelope.lean:347:        q.weightC * S.Kshared q.center s := by
RHFormalization/AppendixDSpikeSumExtraction.lean:34:`PrimePowerPair`.
RHFormalization/AppendixDSpikeSumExtraction.lean:105:    DFiniteStage → Finset PrimePowerPair
RHFormalization/CanonicalPrimePowerMassCountingEnvelope.lean:41:      ∀ q : PrimePowerPair,
RHFormalization/CanonicalPrimePowerMassCountingEnvelope.lean:43:          ‖q.weightC‖ ≤ weightBound) :
RHFormalization/CanonicalPrimePowerMassCountingEnvelope.lean:48:          (fun q : PrimePowerPair => ‖q.weightC‖) ≤
RHFormalization/CanonicalPrimePowerMassCountingEnvelope.lean:50:          (fun _q : PrimePowerPair => weightBound) := by
RHFormalization/CanonicalPrimePowerMassCountingEnvelope.lean:70:      ∀ q : PrimePowerPair,
RHFormalization/CanonicalPrimePowerMassCountingEnvelope.lean:72:          ‖q.weightC‖ ≤ weightEnvelope) :
RHFormalization/CanonicalPrimePowerMassCountingEnvelope.lean:121:    ∀ q : PrimePowerPair,
RHFormalization/CanonicalPrimePowerMassCountingEnvelope.lean:123:        ‖q.weightC‖ ≤ weightEnvelope R
RHFormalization/CanonicalPrimePowerMassCountingEnvelope.lean:186:    ∀ q : PrimePowerPair,
RHFormalization/CanonicalPrimePowerMassCountingEnvelope.lean:193:    ∀ q : PrimePowerPair,
RHFormalization/CanonicalPrimePowerMassCountingEnvelope.lean:198:  kernelMajorant : PrimePowerPair → ℝ
RHFormalization/CanonicalPrimePowerMassCountingEnvelope.lean:202:    ∀ q : PrimePowerPair, 0 ≤ kernelMajorant q
RHFormalization/CanonicalPrimePowerMassCountingEnvelope.lean:230:    ∀ q : PrimePowerPair,
RHFormalization/CanonicalPrimePowerMassCountingEnvelope.lean:246:    ∀ q : PrimePowerPair,
RHFormalization/CanonicalPrimePowerMassCountingEnvelope.lean:252:  summabilityEnvelope : PrimePowerPair → ℝ
RHFormalization/CanonicalPrimePowerMassCountingEnvelope.lean:258:    ∀ q : PrimePowerPair,
RHFormalization/CanonicalPrimePowerMassCountingEnvelope.lean:259:      ‖q.weightC‖ * kernelMajorant q ≤ summabilityEnvelope q
RHFormalization/CanonicalPrimePowerMassCountingEnvelope.lean:403:      ∑' q : PrimePowerPair,
RHFormalization/CanonicalPrimePowerMassCountingEnvelope.lean:404:        q.weightC * S.Kshared q.center s := by
RHFormalization/CanonicalPrimePowerDWindowKernelEstimate.lean:46:    (coord : PrimePowerPair → ℂ → ℝ)
RHFormalization/CanonicalPrimePowerDWindowKernelEstimate.lean:52:      ∀ q : PrimePowerPair,
RHFormalization/CanonicalPrimePowerDWindowKernelEstimate.lean:57:      ∀ q : PrimePowerPair,
RHFormalization/CanonicalPrimePowerDWindowKernelEstimate.lean:62:      ∀ q : PrimePowerPair,
RHFormalization/CanonicalPrimePowerDWindowKernelEstimate.lean:68:          ∀ q : PrimePowerPair,
RHFormalization/CanonicalPrimePowerDWindowKernelEstimate.lean:121:    PrimePowerPair → ℝ
RHFormalization/CanonicalPrimePowerDWindowKernelEstimate.lean:133:    ∀ q : PrimePowerPair,
RHFormalization/CanonicalPrimePowerDWindowKernelEstimate.lean:143:    ∀ q : PrimePowerPair,
RHFormalization/CanonicalPrimePowerDWindowKernelEstimate.lean:152:    ∀ q : PrimePowerPair,
RHFormalization/CanonicalPrimePowerDWindowKernelEstimate.lean:171:          ∀ q : PrimePowerPair,
RHFormalization/CanonicalPrimePowerDWindowSpeedBudget.lean:113:    ∀ q : PrimePowerPair,
RHFormalization/CanonicalPrimePowerDWindowSpeedBudget.lean:120:    ∀ q : PrimePowerPair,
RHFormalization/CanonicalPrimePowerDWindowSpeedBudget.lean:125:  kernelMajorant : PrimePowerPair → ℝ
RHFormalization/CanonicalPrimePowerDWindowSpeedBudget.lean:129:    ∀ q : PrimePowerPair, 0 ≤ kernelMajorant q
RHFormalization/CanonicalPrimePowerDWindowSpeedBudget.lean:134:      ∀ q : PrimePowerPair,
RHFormalization/CanonicalPrimePowerDWindowSpeedBudget.lean:140:      (fun q : PrimePowerPair =>
RHFormalization/CanonicalPrimePowerDWindowSpeedBudget.lean:141:        ‖q.weightC‖ * kernelMajorant q)
RHFormalization/CanonicalPrimePowerDWindowSpeedBudget.lean:166:        (fun q : PrimePowerPair => ‖q.weightC‖) ≤
RHFormalization/CanonicalPrimePowerDWindowSpeedBudget.lean:315:      ∑' q : PrimePowerPair,
RHFormalization/CanonicalPrimePowerDWindowSpeedBudget.lean:316:        q.weightC * S.Kshared q.center s := by
RHFormalization/CanonicalPrimePowerDWindowRateMassGrowth.lean:60:    ∀ q : PrimePowerPair,
RHFormalization/CanonicalPrimePowerDWindowRateMassGrowth.lean:67:    ∀ q : PrimePowerPair,
RHFormalization/CanonicalPrimePowerDWindowRateMassGrowth.lean:72:  kernelMajorant : PrimePowerPair → ℝ
RHFormalization/CanonicalPrimePowerDWindowRateMassGrowth.lean:76:    ∀ q : PrimePowerPair, 0 ≤ kernelMajorant q
RHFormalization/CanonicalPrimePowerDWindowRateMassGrowth.lean:81:      ∀ q : PrimePowerPair,
RHFormalization/CanonicalPrimePowerDWindowRateMassGrowth.lean:87:      (fun q : PrimePowerPair =>
RHFormalization/CanonicalPrimePowerDWindowRateMassGrowth.lean:88:        ‖q.weightC‖ * kernelMajorant q)
RHFormalization/CanonicalPrimePowerDWindowRateMassGrowth.lean:113:        (fun q : PrimePowerPair => ‖q.weightC‖) ≤
RHFormalization/CanonicalPrimePowerDWindowRateMassGrowth.lean:131:    ℂ → PrimePowerPair → ℝ
RHFormalization/CanonicalPrimePowerDWindowRateMassGrowth.lean:141:    ∀ q : PrimePowerPair,
RHFormalization/CanonicalPrimePowerDWindowRateMassGrowth.lean:152:    ∀ q : PrimePowerPair,
RHFormalization/CanonicalPrimePowerDWindowRateMassGrowth.lean:163:    ∀ q : PrimePowerPair,
RHFormalization/CanonicalPrimePowerDWindowRateMassGrowth.lean:256:      ∑' q : PrimePowerPair,
RHFormalization/CanonicalPrimePowerDWindowRateMassGrowth.lean:257:        q.weightC * S.Kshared q.center s := by
RHFormalization/CanonicalPrimePowerSeries.lean:68:  term : PrimePowerPair → ℂ → ℂ
RHFormalization/CanonicalPrimePowerSeries.lean:79:      (Filter.atTop : Filter (Finset PrimePowerPair))
RHFormalization/CanonicalPrimePowerSeries.lean:93:          (fun q : PrimePowerPair => term q s)
RHFormalization/CanonicalPrimePowerSeries.lean:102:        (fun q : PrimePowerPair => term q s)
RHFormalization/CanonicalPrimePowerSeries.lean:123:                (fun q : PrimePowerPair => S.term q s))
RHFormalization/CanonicalPrimePowerSeries.lean:141:              (fun q : PrimePowerPair => S.term q s)) := by
RHFormalization/CanonicalPrimePowerMassGrowthWindow.lean:12:  (∑ q in indices(alpha n), ‖q.weightC‖) * windowError s n → 0.
RHFormalization/CanonicalPrimePowerMassGrowthWindow.lean:17:    ∑ q in indices(alpha n), ‖q.weightC‖ ≤ massGrowth n;
RHFormalization/CanonicalPrimePowerMassGrowthWindow.lean:37:theorem weightC_window_product_tendsto_zero_of_massGrowth
RHFormalization/CanonicalPrimePowerMassGrowthWindow.lean:44:    (h_weightC_mass_le_growth :
RHFormalization/CanonicalPrimePowerMassGrowthWindow.lean:47:          (fun q : PrimePowerPair => ‖q.weightC‖) ≤
RHFormalization/CanonicalPrimePowerMassGrowthWindow.lean:59:          (fun q : PrimePowerPair => ‖q.weightC‖)) *
RHFormalization/CanonicalPrimePowerMassGrowthWindow.lean:67:          (fun q : PrimePowerPair => ‖q.weightC‖)) *
RHFormalization/CanonicalPrimePowerMassGrowthWindow.lean:75:              (fun q hq => norm_nonneg q.weightC))
RHFormalization/CanonicalPrimePowerMassGrowthWindow.lean:81:            (h_weightC_mass_le_growth n)
RHFormalization/CanonicalPrimePowerMassGrowthWindow.lean:97:  `h_weightC_window_product_tendsto_zero`
RHFormalization/CanonicalPrimePowerMassGrowthWindow.lean:117:    ∀ q : PrimePowerPair,
RHFormalization/CanonicalPrimePowerMassGrowthWindow.lean:124:  kernelMajorant : PrimePowerPair → ℝ
RHFormalization/CanonicalPrimePowerMassGrowthWindow.lean:128:    ∀ q : PrimePowerPair, 0 ≤ kernelMajorant q
RHFormalization/CanonicalPrimePowerMassGrowthWindow.lean:135:      ∀ q : PrimePowerPair,
RHFormalization/CanonicalPrimePowerMassGrowthWindow.lean:143:      (fun q : PrimePowerPair =>
RHFormalization/CanonicalPrimePowerMassGrowthWindow.lean:144:        ‖q.weightC‖ * kernelMajorant q)
RHFormalization/CanonicalPrimePowerMassGrowthWindow.lean:169:  h_weightC_mass_le_growth :
RHFormalization/CanonicalPrimePowerMassGrowthWindow.lean:172:        (fun q : PrimePowerPair => ‖q.weightC‖) ≤
RHFormalization/CanonicalPrimePowerMassGrowthWindow.lean:191:      ∀ q : PrimePowerPair,
RHFormalization/CanonicalPrimePowerMassGrowthWindow.lean:216:    h_weightC_window_product_tendsto_zero := by
RHFormalization/CanonicalPrimePowerMassGrowthWindow.lean:219:        weightC_window_product_tendsto_zero_of_massGrowth
RHFormalization/CanonicalPrimePowerMassGrowthWindow.lean:225:          S.h_weightC_mass_le_growth
RHFormalization/CanonicalPrimePowerMassGrowthWindow.lean:265:      ∑' q : PrimePowerPair,
RHFormalization/CanonicalPrimePowerMassGrowthWindow.lean:266:        q.weightC * S.Kshared q.center s := by
RHFormalization/CanonicalPrimePowerDWindowCompactRate.lean:74:    ∀ q : PrimePowerPair,
RHFormalization/CanonicalPrimePowerDWindowCompactRate.lean:105:    ∀ q : PrimePowerPair,
RHFormalization/CanonicalPrimePowerDWindowCompactRate.lean:148:    ∀ q : PrimePowerPair,
RHFormalization/CanonicalPrimePowerDWindowCompactRate.lean:155:    ∀ q : PrimePowerPair,
RHFormalization/CanonicalPrimePowerDWindowCompactRate.lean:160:  kernelMajorant : PrimePowerPair → ℝ
RHFormalization/CanonicalPrimePowerDWindowCompactRate.lean:164:    ∀ q : PrimePowerPair, 0 ≤ kernelMajorant q
RHFormalization/CanonicalPrimePowerDWindowCompactRate.lean:169:      ∀ q : PrimePowerPair,
RHFormalization/CanonicalPrimePowerDWindowCompactRate.lean:175:      (fun q : PrimePowerPair =>
RHFormalization/CanonicalPrimePowerDWindowCompactRate.lean:176:        ‖q.weightC‖ * kernelMajorant q)
RHFormalization/CanonicalPrimePowerDWindowCompactRate.lean:201:        (fun q : PrimePowerPair => ‖q.weightC‖) ≤
RHFormalization/CanonicalPrimePowerDWindowCompactRate.lean:290:      ∑' q : PrimePowerPair,
RHFormalization/CanonicalPrimePowerDWindowCompactRate.lean:291:        q.weightC * S.Kshared q.center s := by
RHFormalization/CanonicalPrimePowerSharpCutoffDisplacementKernel.lean:48:    (q : PrimePowerPair) :
RHFormalization/CanonicalPrimePowerSharpCutoffDisplacementKernel.lean:57:    ∀ q : PrimePowerPair,
RHFormalization/CanonicalPrimePowerSharpCutoffDisplacementKernel.lean:71:    ∀ q : PrimePowerPair,
RHFormalization/CanonicalPrimePowerSharpCutoffDisplacementKernel.lean:110:    ∀ q : PrimePowerPair,
RHFormalization/CanonicalPrimePowerSharpCutoffDisplacementKernel.lean:116:    ∀ q : PrimePowerPair,
RHFormalization/CanonicalPrimePowerSharpCutoffDisplacementKernel.lean:138:    ∀ q : PrimePowerPair,
RHFormalization/CanonicalPrimePowerSharpCutoffDisplacementKernel.lean:142:  summabilityEnvelope : PrimePowerPair → ℝ
RHFormalization/CanonicalPrimePowerSharpCutoffDisplacementKernel.lean:145:    ∀ q : PrimePowerPair,
RHFormalization/CanonicalPrimePowerSharpCutoffDisplacementKernel.lean:146:      ‖q.weightC‖ * displacementKernelMajorant G q
RHFormalization/CanonicalPrimePowerSharpCutoffDisplacementKernel.lean:243:      ∑' q : PrimePowerPair,
RHFormalization/CanonicalPrimePowerSharpCutoffDisplacementKernel.lean:244:        q.weightC * (displacementCanonicalKernel S.G) q.center s := by
RHFormalization/CanonicalPrimePowerHeatKernelPrimePowerSupport.lean:28:theorem heatKernelGaussianCoreEnvelope_eq_zero_of_not_isPrimePowerPair
RHFormalization/CanonicalPrimePowerHeatKernelPrimePowerSupport.lean:30:    (q : PrimePowerPair)
RHFormalization/CanonicalPrimePowerHeatKernelPrimePowerSupport.lean:31:    (hq : ¬ IsPrimePowerPair q) :
RHFormalization/CanonicalPrimePowerHeatKernelPrimePowerSupport.lean:34:  simp [PrimePowerPair.weightC, PrimePowerPair.weightReal, hq]
RHFormalization/CanonicalPrimePowerHeatKernelPrimePowerSupport.lean:42:    (q : PrimePowerPair)
RHFormalization/CanonicalPrimePowerHeatKernelPrimePowerSupport.lean:43:    (hq : IsPrimePowerPair q) :
RHFormalization/CanonicalPrimePowerHeatKernelPrimePowerSupport.lean:45:      |Real.log (q.p : ℝ) / Real.sqrt (q.natValue : ℝ)| *
RHFormalization/CanonicalPrimePowerHeatKernelPrimePowerSupport.lean:47:  rw [heatKernelGaussianCoreEnvelope_eq_abs_weightReal]
RHFormalization/CanonicalPrimePowerHeatKernelPrimePowerSupport.lean:48:  simp [PrimePowerPair.weightReal, hq]
RHFormalization/CanonicalPrimePowerHeatKernelGaussianCoreSummability.lean:15:  rw [heatKernelGaussianCoreEnvelope_eq_abs_weightReal]
RHFormalization/CanonicalPrimePowerHeatKernelGaussianCoreSummability.lean:18:      (fun q : PrimePowerPair =>
RHFormalization/CanonicalPrimePowerHeatKernelGaussianCoreSummability.lean:19:        |q.weightReal| *
RHFormalization/CanonicalPrimePowerHeatKernelGaussianCoreSummability.lean:21:  -- next proof step: compare to the natValue^-3 majorant using
RHFormalization/CanonicalPrimePowerHeatKernelGaussianCore.lean:14:  Summable (fun q => ‖q.weightC‖ * exp (-(q.center^2)/(4t))).
RHFormalization/CanonicalPrimePowerHeatKernelGaussianCore.lean:30:    PrimePowerPair → ℝ :=
RHFormalization/CanonicalPrimePowerHeatKernelGaussianCore.lean:31:  fun q : PrimePowerPair =>
RHFormalization/CanonicalPrimePowerHeatKernelGaussianCore.lean:32:    ‖q.weightC‖ *
RHFormalization/CanonicalPrimePowerHeatKernelGaussianCore.lean:42:      fun q : PrimePowerPair =>
RHFormalization/CanonicalPrimePowerIndexExhaustion.lean:86:    ∀ q : PrimePowerPair,
RHFormalization/CanonicalPrimePowerIndexExhaustion.lean:97:    ∀ q : PrimePowerPair,
RHFormalization/CanonicalPrimePowerIndexExhaustion.lean:110:        (fun q : PrimePowerPair => q.weightC * Kshared q.center s)
RHFormalization/CanonicalPrimePowerMassUpperEnvelope.lean:96:    ∀ q : PrimePowerPair,
RHFormalization/CanonicalPrimePowerMassUpperEnvelope.lean:103:    ∀ q : PrimePowerPair,
RHFormalization/CanonicalPrimePowerMassUpperEnvelope.lean:108:  kernelMajorant : PrimePowerPair → ℝ
RHFormalization/CanonicalPrimePowerMassUpperEnvelope.lean:112:    ∀ q : PrimePowerPair, 0 ≤ kernelMajorant q
RHFormalization/CanonicalPrimePowerMassUpperEnvelope.lean:140:    ∀ q : PrimePowerPair,
RHFormalization/CanonicalPrimePowerMassUpperEnvelope.lean:156:    ∀ q : PrimePowerPair,
RHFormalization/CanonicalPrimePowerMassUpperEnvelope.lean:162:  summabilityEnvelope : PrimePowerPair → ℝ
RHFormalization/CanonicalPrimePowerMassUpperEnvelope.lean:168:    ∀ q : PrimePowerPair,
RHFormalization/CanonicalPrimePowerMassUpperEnvelope.lean:169:      ‖q.weightC‖ * kernelMajorant q ≤ summabilityEnvelope q
RHFormalization/CanonicalPrimePowerMassUpperEnvelope.lean:283:      ∑' q : PrimePowerPair,
RHFormalization/CanonicalPrimePowerMassUpperEnvelope.lean:284:        q.weightC * S.Kshared q.center s := by
RHFormalization/CanonicalPrimePowerTsumSeries.lean:63:    ∀ q : PrimePowerPair,
RHFormalization/CanonicalPrimePowerTsumSeries.lean:74:    ∀ q : PrimePowerPair,
RHFormalization/CanonicalPrimePowerTsumSeries.lean:87:        (fun q : PrimePowerPair => q.weightC * Kshared q.center s)
RHFormalization/CanonicalPrimePowerTsumSeries.lean:96:        ∑' q : PrimePowerPair,
RHFormalization/CanonicalPrimePowerTsumSeries.lean:97:          q.weightC * Kshared q.center s
RHFormalization/CanonicalPrimePowerTsumSeries.lean:119:            (fun q : PrimePowerPair => q.weightC * S.Kshared q.center s)
RHFormalization/CanonicalPrimePowerTsumSeries.lean:120:            (∑' q : PrimePowerPair,
RHFormalization/CanonicalPrimePowerTsumSeries.lean:121:              q.weightC * S.Kshared q.center s) :=
RHFormalization/CanonicalPrimePowerCutoffMassBound.lean:12:  `h_weightC_mass_le_growth`
RHFormalization/CanonicalPrimePowerCutoffMassBound.lean:19:    ∑ q in active, ‖q.weightC‖ ≤ massBound R.
RHFormalization/CanonicalPrimePowerCutoffMassBound.lean:53:  h_weightC_mass_le_of_center_le :
RHFormalization/CanonicalPrimePowerCutoffMassBound.lean:54:    ∀ I : Finset PrimePowerPair,
RHFormalization/CanonicalPrimePowerCutoffMassBound.lean:56:      (∀ q : PrimePowerPair, q ∈ I → q.center ≤ R) →
RHFormalization/CanonicalPrimePowerCutoffMassBound.lean:57:        I.sum (fun q : PrimePowerPair => ‖q.weightC‖) ≤ massBound R
RHFormalization/CanonicalPrimePowerCutoffMassBound.lean:67:  `h_weightC_mass_le_growth`
RHFormalization/CanonicalPrimePowerCutoffMassBound.lean:94:    ∀ q : PrimePowerPair,
RHFormalization/CanonicalPrimePowerCutoffMassBound.lean:105:    ∀ q : PrimePowerPair,
RHFormalization/CanonicalPrimePowerCutoffMassBound.lean:110:  kernelMajorant : PrimePowerPair → ℝ
RHFormalization/CanonicalPrimePowerCutoffMassBound.lean:114:    ∀ q : PrimePowerPair, 0 ≤ kernelMajorant q
RHFormalization/CanonicalPrimePowerCutoffMassBound.lean:121:      ∀ q : PrimePowerPair,
RHFormalization/CanonicalPrimePowerCutoffMassBound.lean:129:      (fun q : PrimePowerPair =>
RHFormalization/CanonicalPrimePowerCutoffMassBound.lean:130:        ‖q.weightC‖ * kernelMajorant q)
RHFormalization/CanonicalPrimePowerCutoffMassBound.lean:167:      ∀ q : PrimePowerPair,
RHFormalization/CanonicalPrimePowerCutoffMassBound.lean:204:    h_weightC_mass_le_growth := by
RHFormalization/CanonicalPrimePowerCutoffMassBound.lean:207:        S.massData.h_weightC_mass_le_of_center_le
RHFormalization/CanonicalPrimePowerCutoffMassBound.lean:252:      ∑' q : PrimePowerPair,
RHFormalization/CanonicalPrimePowerCutoffMassBound.lean:253:        q.weightC * S.Kshared q.center s := by
RHFormalization/CanonicalPrimePowerWeightEnvelope.lean:13:    ∀ R q, q ∈ belowCutoff R → ‖q.weightC‖ ≤ weightEnvelope R.
RHFormalization/CanonicalPrimePowerWeightEnvelope.lean:19:`q.weightC = (q.weightReal : ℂ)` normalization.
RHFormalization/CanonicalPrimePowerWeightEnvelope.lean:33:theorem PrimePowerPair.norm_weightC_eq_abs_weightReal
RHFormalization/CanonicalPrimePowerWeightEnvelope.lean:34:    (q : PrimePowerPair) :
RHFormalization/CanonicalPrimePowerWeightEnvelope.lean:35:    ‖q.weightC‖ = |q.weightReal| := by
RHFormalization/CanonicalPrimePowerWeightEnvelope.lean:36:  simp [PrimePowerPair.weightC]
RHFormalization/CanonicalPrimePowerWeightEnvelope.lean:39:A real absolute-value bound for `q.weightReal` implies the corresponding complex
RHFormalization/CanonicalPrimePowerWeightEnvelope.lean:40:weight bound for `q.weightC`.
RHFormalization/CanonicalPrimePowerWeightEnvelope.lean:42:theorem PrimePowerPair.norm_weightC_le_of_abs_weightReal_le
RHFormalization/CanonicalPrimePowerWeightEnvelope.lean:43:    (q : PrimePowerPair)
RHFormalization/CanonicalPrimePowerWeightEnvelope.lean:45:    (hB : |q.weightReal| ≤ B) :
RHFormalization/CanonicalPrimePowerWeightEnvelope.lean:46:    ‖q.weightC‖ ≤ B := by
RHFormalization/CanonicalPrimePowerWeightEnvelope.lean:47:  simpa [PrimePowerPair.norm_weightC_eq_abs_weightReal q] using hB
RHFormalization/CanonicalPrimePowerWeightEnvelope.lean:53:`|q.weightReal| ≤ weightEnvelope R` on the enumerated cutoff set.
RHFormalization/CanonicalPrimePowerWeightEnvelope.lean:68:  h_abs_weightReal_le :
RHFormalization/CanonicalPrimePowerWeightEnvelope.lean:70:    ∀ q : PrimePowerPair,
RHFormalization/CanonicalPrimePowerWeightEnvelope.lean:72:        |q.weightReal| ≤ weightEnvelope R
RHFormalization/CanonicalPrimePowerWeightEnvelope.lean:77:theorem PrimePowerWeightEnvelopeData.norm_weightC_le
RHFormalization/CanonicalPrimePowerWeightEnvelope.lean:81:    ∀ q : PrimePowerPair,
RHFormalization/CanonicalPrimePowerWeightEnvelope.lean:83:        ‖q.weightC‖ ≤ W.weightEnvelope R := by
RHFormalization/CanonicalPrimePowerWeightEnvelope.lean:86:    PrimePowerPair.norm_weightC_le_of_abs_weightReal_le
RHFormalization/CanonicalPrimePowerWeightEnvelope.lean:88:      (W.h_abs_weightReal_le R q hq)
RHFormalization/CanonicalPrimePowerWeightEnvelope.lean:92:`weightReal` normalization.
RHFormalization/CanonicalPrimePowerWeightEnvelope.lean:97:    ‖q.weightC‖ ≤ weightEnvelope R
RHFormalization/CanonicalPrimePowerWeightEnvelope.lean:101:  |q.weightReal| ≤ weightEnvelope R.
RHFormalization/CanonicalPrimePowerWeightEnvelope.lean:139:      exact M.weightData.norm_weightC_le R q hq }
RHFormalization/CanonicalPrimePowerWeightEnvelope.lean:143:`weightReal`.
RHFormalization/CanonicalPrimePowerWeightEnvelope.lean:166:    ∀ q : PrimePowerPair,
RHFormalization/CanonicalPrimePowerWeightEnvelope.lean:173:    ∀ q : PrimePowerPair,
RHFormalization/CanonicalPrimePowerWeightEnvelope.lean:178:  kernelMajorant : PrimePowerPair → ℝ
RHFormalization/CanonicalPrimePowerWeightEnvelope.lean:182:    ∀ q : PrimePowerPair, 0 ≤ kernelMajorant q
RHFormalization/CanonicalPrimePowerWeightEnvelope.lean:210:    ∀ q : PrimePowerPair,
RHFormalization/CanonicalPrimePowerWeightEnvelope.lean:226:    ∀ q : PrimePowerPair,
RHFormalization/CanonicalPrimePowerWeightEnvelope.lean:232:  summabilityEnvelope : PrimePowerPair → ℝ
RHFormalization/CanonicalPrimePowerWeightEnvelope.lean:238:    ∀ q : PrimePowerPair,
RHFormalization/CanonicalPrimePowerWeightEnvelope.lean:239:      ‖q.weightC‖ * kernelMajorant q ≤ summabilityEnvelope q
RHFormalization/CanonicalPrimePowerWeightEnvelope.lean:368:      ∑' q : PrimePowerPair,
RHFormalization/CanonicalPrimePowerWeightEnvelope.lean:369:        q.weightC * S.Kshared q.center s := by
RHFormalization/CanonicalPrimePowerFiniteKernelErrorSum.lean:37:    (I : Finset PrimePowerPair)
RHFormalization/CanonicalPrimePowerFiniteKernelErrorSum.lean:40:    (termError : PrimePowerPair → ℝ)
RHFormalization/CanonicalPrimePowerFiniteKernelErrorSum.lean:43:      ∀ q : PrimePowerPair,
RHFormalization/CanonicalPrimePowerFiniteKernelErrorSum.lean:45:          ‖q.weightC * Kstage q.center s -
RHFormalization/CanonicalPrimePowerFiniteKernelErrorSum.lean:46:            q.weightC * Kshared q.center s‖ ≤ termError q)
RHFormalization/CanonicalPrimePowerFiniteKernelErrorSum.lean:48:      I.sum (fun q : PrimePowerPair => termError q) ≤ errorBound) :
RHFormalization/CanonicalPrimePowerFiniteKernelErrorSum.lean:51:          (fun q : PrimePowerPair =>
RHFormalization/CanonicalPrimePowerFiniteKernelErrorSum.lean:52:            q.weightC * Kshared q.center s)‖ ≤
RHFormalization/CanonicalPrimePowerFiniteKernelErrorSum.lean:59:            (fun q : PrimePowerPair =>
RHFormalization/CanonicalPrimePowerFiniteKernelErrorSum.lean:60:              q.weightC * Kshared q.center s)
RHFormalization/CanonicalPrimePowerFiniteKernelErrorSum.lean:63:        (fun q : PrimePowerPair =>
RHFormalization/CanonicalPrimePowerFiniteKernelErrorSum.lean:64:          q.weightC * Kstage q.center s -
RHFormalization/CanonicalPrimePowerFiniteKernelErrorSum.lean:65:            q.weightC * Kshared q.center s) := by
RHFormalization/CanonicalPrimePowerFiniteKernelErrorSum.lean:70:        (f := fun q : PrimePowerPair =>
RHFormalization/CanonicalPrimePowerFiniteKernelErrorSum.lean:71:          q.weightC * Kstage q.center s)
RHFormalization/CanonicalPrimePowerFiniteKernelErrorSum.lean:72:        (g := fun q : PrimePowerPair =>
RHFormalization/CanonicalPrimePowerFiniteKernelErrorSum.lean:73:          q.weightC * Kshared q.center s)).symm
RHFormalization/CanonicalPrimePowerFiniteKernelErrorSum.lean:78:          (fun q : PrimePowerPair =>
RHFormalization/CanonicalPrimePowerFiniteKernelErrorSum.lean:79:            q.weightC * Kshared q.center s)‖
RHFormalization/CanonicalPrimePowerFiniteKernelErrorSum.lean:82:        (fun q : PrimePowerPair =>
RHFormalization/CanonicalPrimePowerFiniteKernelErrorSum.lean:83:          q.weightC * Kstage q.center s -
RHFormalization/CanonicalPrimePowerFiniteKernelErrorSum.lean:84:            q.weightC * Kshared q.center s)‖ := by
RHFormalization/CanonicalPrimePowerFiniteKernelErrorSum.lean:88:        (fun q : PrimePowerPair =>
RHFormalization/CanonicalPrimePowerFiniteKernelErrorSum.lean:89:          ‖q.weightC * Kstage q.center s -
RHFormalization/CanonicalPrimePowerFiniteKernelErrorSum.lean:90:            q.weightC * Kshared q.center s‖) := by
RHFormalization/CanonicalPrimePowerFiniteKernelErrorSum.lean:94:            (f := fun q : PrimePowerPair =>
RHFormalization/CanonicalPrimePowerFiniteKernelErrorSum.lean:95:              q.weightC * Kstage q.center s -
RHFormalization/CanonicalPrimePowerFiniteKernelErrorSum.lean:96:                q.weightC * Kshared q.center s)
RHFormalization/CanonicalPrimePowerFiniteKernelErrorSum.lean:98:      I.sum (fun q : PrimePowerPair => termError q) := by
RHFormalization/CanonicalPrimePowerFiniteKernelErrorSum.lean:126:    ∀ q : PrimePowerPair,
RHFormalization/CanonicalPrimePowerFiniteKernelErrorSum.lean:133:  majorant : PrimePowerPair → ℝ
RHFormalization/CanonicalPrimePowerFiniteKernelErrorSum.lean:137:    ∀ q : PrimePowerPair, 0 ≤ majorant q
RHFormalization/CanonicalPrimePowerFiniteKernelErrorSum.lean:145:      ∀ q : PrimePowerPair,
RHFormalization/CanonicalPrimePowerFiniteKernelErrorSum.lean:146:        ‖q.weightC * Kshared q.center s‖ ≤ majorant q
RHFormalization/CanonicalPrimePowerFiniteKernelErrorSum.lean:175:  termError : ℂ → ℕ → PrimePowerPair → ℝ
RHFormalization/CanonicalPrimePowerFiniteKernelErrorSum.lean:184:      ∀ q : PrimePowerPair,
RHFormalization/CanonicalPrimePowerFiniteKernelErrorSum.lean:186:          ‖q.weightC *
RHFormalization/CanonicalPrimePowerFiniteKernelErrorSum.lean:188:            q.weightC * Kshared q.center s‖ ≤
RHFormalization/CanonicalPrimePowerFiniteKernelErrorSum.lean:198:          (fun q : PrimePowerPair => termError s n q) ≤
RHFormalization/CanonicalPrimePowerFiniteKernelErrorSum.lean:272:      ∑' q : PrimePowerPair,
RHFormalization/CanonicalPrimePowerFiniteKernelErrorSum.lean:273:        q.weightC * S.Kshared q.center s := by
RHFormalization/FinalRHFromDWindowExactMassExactSpeed.lean:146:      ∑' q : PrimePowerPair,
RHFormalization/FinalRHFromDWindowExactMassExactSpeed.lean:147:        q.weightC * S.Kshared q.center s := by
RHFormalization/CanonicalPrimePowerSoundCutoffCounting.lean:54:    ∀ q : PrimePowerPair,
RHFormalization/CanonicalPrimePowerSoundCutoffCounting.lean:64:    (countSet : ℝ → Finset PrimePowerPair)
RHFormalization/CanonicalPrimePowerSoundCutoffCounting.lean:67:      ∀ q : PrimePowerPair,
RHFormalization/CanonicalPrimePowerSoundCutoffCounting.lean:89:  countSet : ℝ → Finset PrimePowerPair
RHFormalization/CanonicalPrimePowerSoundCutoffCounting.lean:107:    ∀ q : PrimePowerPair,
RHFormalization/CanonicalPrimePowerSoundCutoffCounting.lean:196:    ∀ q : PrimePowerPair,
RHFormalization/CanonicalPrimePowerSoundCutoffCounting.lean:203:    ∀ q : PrimePowerPair,
RHFormalization/CanonicalPrimePowerSoundCutoffCounting.lean:208:  kernelMajorant : PrimePowerPair → ℝ
RHFormalization/CanonicalPrimePowerSoundCutoffCounting.lean:212:    ∀ q : PrimePowerPair, 0 ≤ kernelMajorant q
RHFormalization/CanonicalPrimePowerSoundCutoffCounting.lean:240:    ∀ q : PrimePowerPair,
RHFormalization/CanonicalPrimePowerSoundCutoffCounting.lean:256:    ∀ q : PrimePowerPair,
RHFormalization/CanonicalPrimePowerSoundCutoffCounting.lean:262:  summabilityEnvelope : PrimePowerPair → ℝ
RHFormalization/CanonicalPrimePowerSoundCutoffCounting.lean:268:    ∀ q : PrimePowerPair,
RHFormalization/CanonicalPrimePowerSoundCutoffCounting.lean:269:      ‖q.weightC‖ * kernelMajorant q ≤ summabilityEnvelope q
RHFormalization/CanonicalPrimePowerSoundCutoffCounting.lean:397:      ∑' q : PrimePowerPair,
RHFormalization/CanonicalPrimePowerSoundCutoffCounting.lean:398:        q.weightC * S.Kshared q.center s := by
RHFormalization/CanonicalPrimePowerDWindowLimitMajorant.lean:43:    (kernelMajorant : PrimePowerPair → ℝ)
RHFormalization/CanonicalPrimePowerDWindowLimitMajorant.lean:47:      ∀ q : PrimePowerPair,
RHFormalization/CanonicalPrimePowerDWindowLimitMajorant.lean:51:    ∀ q : PrimePowerPair,
RHFormalization/CanonicalPrimePowerDWindowLimitMajorant.lean:87:    ∀ q : PrimePowerPair,
RHFormalization/CanonicalPrimePowerDWindowLimitMajorant.lean:94:    ∀ q : PrimePowerPair,
RHFormalization/CanonicalPrimePowerDWindowLimitMajorant.lean:99:  kernelMajorant : PrimePowerPair → ℝ
RHFormalization/CanonicalPrimePowerDWindowLimitMajorant.lean:103:    ∀ q : PrimePowerPair, 0 ≤ kernelMajorant q
RHFormalization/CanonicalPrimePowerDWindowLimitMajorant.lean:118:    ∀ q : PrimePowerPair,
RHFormalization/CanonicalPrimePowerDWindowLimitMajorant.lean:124:      (fun q : PrimePowerPair =>
RHFormalization/CanonicalPrimePowerDWindowLimitMajorant.lean:125:        ‖q.weightC‖ * kernelMajorant q)
RHFormalization/CanonicalPrimePowerDWindowLimitMajorant.lean:253:      ∑' q : PrimePowerPair,
RHFormalization/CanonicalPrimePowerDWindowLimitMajorant.lean:254:        q.weightC * S.Kshared q.center s := by
RHFormalization/CanonicalPrimePowerSharpCutoffMassEnvelope.lean:71:    ∀ q : PrimePowerPair,
RHFormalization/CanonicalPrimePowerSharpCutoffMassEnvelope.lean:78:    ∀ q : PrimePowerPair,
RHFormalization/CanonicalPrimePowerSharpCutoffMassEnvelope.lean:83:  kernelMajorant : PrimePowerPair → ℝ
RHFormalization/CanonicalPrimePowerSharpCutoffMassEnvelope.lean:87:    ∀ q : PrimePowerPair, 0 ≤ kernelMajorant q
RHFormalization/CanonicalPrimePowerSharpCutoffMassEnvelope.lean:114:    ∀ q : PrimePowerPair,
RHFormalization/CanonicalPrimePowerSharpCutoffMassEnvelope.lean:122:    ∀ q : PrimePowerPair,
RHFormalization/CanonicalPrimePowerSharpCutoffMassEnvelope.lean:127:  summabilityEnvelope : PrimePowerPair → ℝ
RHFormalization/CanonicalPrimePowerSharpCutoffMassEnvelope.lean:131:    ∀ q : PrimePowerPair,
RHFormalization/CanonicalPrimePowerSharpCutoffMassEnvelope.lean:132:      ‖q.weightC‖ * kernelMajorant q ≤ summabilityEnvelope q
RHFormalization/CanonicalPrimePowerSharpCutoffMassEnvelope.lean:237:      ∑' q : PrimePowerPair,
RHFormalization/CanonicalPrimePowerSharpCutoffMassEnvelope.lean:238:        q.weightC * S.Kshared q.center s := by
RHFormalization/CanonicalPrimePowerHeatKernelNormBounds.lean:86:    (q : PrimePowerPair) :
RHFormalization/CanonicalPrimePowerHeatKernelNormBounds.lean:88:      ‖q.weightC‖ *
RHFormalization/CanonicalPrimePowerDWindowSpeedAPI.lean:90:      ∀ q : PrimePowerPair,
RHFormalization/CanonicalPrimePowerDWindowSpeedAPI.lean:152:    ∀ q : PrimePowerPair,
RHFormalization/CanonicalPrimePowerDWindowSpeedAPI.lean:159:    ∀ q : PrimePowerPair,
RHFormalization/CanonicalPrimePowerDWindowSpeedAPI.lean:164:  kernelMajorant : PrimePowerPair → ℝ
RHFormalization/CanonicalPrimePowerDWindowSpeedAPI.lean:168:    ∀ q : PrimePowerPair, 0 ≤ kernelMajorant q
RHFormalization/CanonicalPrimePowerDWindowSpeedAPI.lean:196:    ∀ q : PrimePowerPair,
RHFormalization/CanonicalPrimePowerDWindowSpeedAPI.lean:212:    ∀ q : PrimePowerPair,
RHFormalization/CanonicalPrimePowerDWindowSpeedAPI.lean:218:      (fun q : PrimePowerPair =>
RHFormalization/CanonicalPrimePowerDWindowSpeedAPI.lean:219:        ‖q.weightC‖ * kernelMajorant q)
RHFormalization/CanonicalPrimePowerDWindowSpeedAPI.lean:346:      ∑' q : PrimePowerPair,
RHFormalization/CanonicalPrimePowerDWindowSpeedAPI.lean:347:        q.weightC * S.Kshared q.center s := by
RHFormalization/AppendixDPrimePowerFiniteFormulaTarget.lean:36:    DFiniteStage → Finset PrimePowerPair
RHFormalization/CanonicalPrimePowerSharpCutoffExactWeightedEnvelope.lean:18:  summabilityEnvelope q := ‖q.weightC‖ * ‖G q.center‖.
RHFormalization/CanonicalPrimePowerSharpCutoffExactWeightedEnvelope.lean:28:  Summable (fun q => ‖q.weightC‖ * ‖G q.center‖).
RHFormalization/CanonicalPrimePowerSharpCutoffExactWeightedEnvelope.lean:43:    (q : PrimePowerPair) : ℝ :=
RHFormalization/CanonicalPrimePowerSharpCutoffExactWeightedEnvelope.lean:44:  ‖q.weightC‖ * displacementKernelMajorant G q
RHFormalization/CanonicalPrimePowerSharpCutoffExactWeightedEnvelope.lean:51:    ∀ q : PrimePowerPair,
RHFormalization/CanonicalPrimePowerSharpCutoffExactWeightedEnvelope.lean:52:      ‖q.weightC‖ * displacementKernelMajorant G q
RHFormalization/CanonicalPrimePowerSharpCutoffExactWeightedEnvelope.lean:68:  Summable (fun q => ‖q.weightC‖ * ‖G q.center‖).
RHFormalization/CanonicalPrimePowerSharpCutoffExactWeightedEnvelope.lean:85:    ∀ q : PrimePowerPair,
RHFormalization/CanonicalPrimePowerSharpCutoffExactWeightedEnvelope.lean:91:    ∀ q : PrimePowerPair,
RHFormalization/CanonicalPrimePowerSharpCutoffExactWeightedEnvelope.lean:113:    ∀ q : PrimePowerPair,
RHFormalization/CanonicalPrimePowerSharpCutoffExactWeightedEnvelope.lean:205:      ∑' q : PrimePowerPair,
RHFormalization/CanonicalPrimePowerSharpCutoffExactWeightedEnvelope.lean:206:        q.weightC * (displacementCanonicalKernel S.G) q.center s := by
RHFormalization/CanonicalPrimePowerDWindowCompactRateBudget.lean:98:    ∀ q : PrimePowerPair,
RHFormalization/CanonicalPrimePowerDWindowCompactRateBudget.lean:105:    ∀ q : PrimePowerPair,
RHFormalization/CanonicalPrimePowerDWindowCompactRateBudget.lean:110:  kernelMajorant : PrimePowerPair → ℝ
RHFormalization/CanonicalPrimePowerDWindowCompactRateBudget.lean:114:    ∀ q : PrimePowerPair, 0 ≤ kernelMajorant q
RHFormalization/CanonicalPrimePowerDWindowCompactRateBudget.lean:119:      ∀ q : PrimePowerPair,
RHFormalization/CanonicalPrimePowerDWindowCompactRateBudget.lean:125:      (fun q : PrimePowerPair =>
RHFormalization/CanonicalPrimePowerDWindowCompactRateBudget.lean:126:        ‖q.weightC‖ * kernelMajorant q)
RHFormalization/CanonicalPrimePowerDWindowCompactRateBudget.lean:151:        (fun q : PrimePowerPair => ‖q.weightC‖) ≤
RHFormalization/CanonicalPrimePowerDWindowCompactRateBudget.lean:266:      ∑' q : PrimePowerPair,
RHFormalization/CanonicalPrimePowerDWindowCompactRateBudget.lean:267:        q.weightC * S.Kshared q.center s := by
RHFormalization/CanonicalPrimePowerDWindowExactMassSpeedEstimate.lean:132:    ∀ q : PrimePowerPair,
RHFormalization/CanonicalPrimePowerDWindowExactMassSpeedEstimate.lean:139:    ∀ q : PrimePowerPair,
RHFormalization/CanonicalPrimePowerDWindowExactMassSpeedEstimate.lean:144:  kernelMajorant : PrimePowerPair → ℝ
RHFormalization/CanonicalPrimePowerDWindowExactMassSpeedEstimate.lean:148:    ∀ q : PrimePowerPair, 0 ≤ kernelMajorant q
RHFormalization/CanonicalPrimePowerDWindowExactMassSpeedEstimate.lean:153:      ∀ q : PrimePowerPair,
RHFormalization/CanonicalPrimePowerDWindowExactMassSpeedEstimate.lean:159:      (fun q : PrimePowerPair =>
RHFormalization/CanonicalPrimePowerDWindowExactMassSpeedEstimate.lean:160:        ‖q.weightC‖ * kernelMajorant q)
RHFormalization/CanonicalPrimePowerDWindowExactMassSpeedEstimate.lean:294:      ∑' q : PrimePowerPair,
RHFormalization/CanonicalPrimePowerDWindowExactMassSpeedEstimate.lean:295:        q.weightC * S.Kshared q.center s := by
RHFormalization/CanonicalPrimePowerAsymptoticKernel.lean:40:    (I : ℕ → Finset PrimePowerPair)
RHFormalization/CanonicalPrimePowerAsymptoticKernel.lean:44:    (hI : Tendsto I Filter.atTop (Filter.atTop : Filter (Finset PrimePowerPair)))
RHFormalization/CanonicalPrimePowerAsymptoticKernel.lean:47:        (fun q : PrimePowerPair => q.weightC * Kshared q.center s))
RHFormalization/CanonicalPrimePowerAsymptoticKernel.lean:57:            (fun q : PrimePowerPair => q.weightC * Kshared q.center s))
RHFormalization/CanonicalPrimePowerAsymptoticKernel.lean:68:        (∑' q : PrimePowerPair,
RHFormalization/CanonicalPrimePowerAsymptoticKernel.lean:69:          q.weightC * Kshared q.center s)) := by
RHFormalization/CanonicalPrimePowerAsymptoticKernel.lean:74:            (fun q : PrimePowerPair => q.weightC * Kshared q.center s))
RHFormalization/CanonicalPrimePowerAsymptoticKernel.lean:77:          (∑' q : PrimePowerPair,
RHFormalization/CanonicalPrimePowerAsymptoticKernel.lean:78:            q.weightC * Kshared q.center s)) :=
RHFormalization/CanonicalPrimePowerAsymptoticKernel.lean:108:    ∀ q : PrimePowerPair,
RHFormalization/CanonicalPrimePowerAsymptoticKernel.lean:115:  majorant : PrimePowerPair → ℝ
RHFormalization/CanonicalPrimePowerAsymptoticKernel.lean:119:    ∀ q : PrimePowerPair, 0 ≤ majorant q
RHFormalization/CanonicalPrimePowerAsymptoticKernel.lean:127:      ∀ q : PrimePowerPair,
RHFormalization/CanonicalPrimePowerAsymptoticKernel.lean:128:        ‖q.weightC * Kshared q.center s‖ ≤ majorant q
RHFormalization/CanonicalPrimePowerAsymptoticKernel.lean:149:            (fun q : PrimePowerPair =>
RHFormalization/CanonicalPrimePowerAsymptoticKernel.lean:150:              q.weightC * Kshared q.center s))
RHFormalization/CanonicalPrimePowerAsymptoticKernel.lean:178:            (Filter.atTop : Filter (Finset PrimePowerPair)) := by
RHFormalization/CanonicalPrimePowerAsymptoticKernel.lean:186:            (fun q : PrimePowerPair =>
RHFormalization/CanonicalPrimePowerAsymptoticKernel.lean:187:              q.weightC * S.Kshared q.center s) := by
RHFormalization/CanonicalPrimePowerAsymptoticKernel.lean:190:              (fun q : PrimePowerPair =>
RHFormalization/CanonicalPrimePowerAsymptoticKernel.lean:191:                ‖q.weightC * S.Kshared q.center s‖) :=
RHFormalization/CanonicalPrimePowerAsymptoticKernel.lean:193:            (fun q : PrimePowerPair =>
RHFormalization/CanonicalPrimePowerAsymptoticKernel.lean:194:              norm_nonneg (q.weightC * S.Kshared q.center s))
RHFormalization/CanonicalPrimePowerAsymptoticKernel.lean:195:            (fun q : PrimePowerPair =>
RHFormalization/CanonicalPrimePowerAsymptoticKernel.lean:237:      ∑' q : PrimePowerPair,
RHFormalization/CanonicalPrimePowerAsymptoticKernel.lean:238:        q.weightC * S.Kshared q.center s := by
RHFormalization/CanonicalPrimePowerEnumeratedMassGrowthRate.lean:13:    (∑ q in belowCutoff R_n, ‖q.weightC‖) * windowError_n → 0.
RHFormalization/CanonicalPrimePowerEnumeratedMassGrowthRate.lean:45:          (fun q : PrimePowerPair => ‖q.weightC‖) ≤
RHFormalization/CanonicalPrimePowerEnumeratedMassGrowthRate.lean:57:          (fun q : PrimePowerPair => ‖q.weightC‖)
RHFormalization/CanonicalPrimePowerEnumeratedMassGrowthRate.lean:65:          (fun q : PrimePowerPair => ‖q.weightC‖)
RHFormalization/CanonicalPrimePowerEnumeratedMassGrowthRate.lean:73:              (fun q hq => norm_nonneg q.weightC))
RHFormalization/CanonicalPrimePowerEnumeratedMassGrowthRate.lean:115:    ∀ q : PrimePowerPair,
RHFormalization/CanonicalPrimePowerEnumeratedMassGrowthRate.lean:122:    ∀ q : PrimePowerPair,
RHFormalization/CanonicalPrimePowerEnumeratedMassGrowthRate.lean:127:  kernelMajorant : PrimePowerPair → ℝ
RHFormalization/CanonicalPrimePowerEnumeratedMassGrowthRate.lean:131:    ∀ q : PrimePowerPair, 0 ≤ kernelMajorant q
RHFormalization/CanonicalPrimePowerEnumeratedMassGrowthRate.lean:136:      ∀ q : PrimePowerPair,
RHFormalization/CanonicalPrimePowerEnumeratedMassGrowthRate.lean:142:      (fun q : PrimePowerPair =>
RHFormalization/CanonicalPrimePowerEnumeratedMassGrowthRate.lean:143:        ‖q.weightC‖ * kernelMajorant q)
RHFormalization/CanonicalPrimePowerEnumeratedMassGrowthRate.lean:168:        (fun q : PrimePowerPair => ‖q.weightC‖) ≤
RHFormalization/CanonicalPrimePowerEnumeratedMassGrowthRate.lean:267:      ∑' q : PrimePowerPair,
RHFormalization/CanonicalPrimePowerEnumeratedMassGrowthRate.lean:268:        q.weightC * S.Kshared q.center s := by
RHFormalization/CanonicalPrimePowerHeatKernelWeightedSummabilityTarget.lean:14:  Summable (fun q => ‖q.weightC‖ * ‖G q.center‖).
RHFormalization/CanonicalPrimePowerHeatKernelWeightedSummabilityTarget.lean:53:    PrimePowerPair → ℝ :=
RHFormalization/CanonicalPrimePowerHeatKernelWeightedSummabilityTarget.lean:71:    (q : PrimePowerPair) :
RHFormalization/CanonicalPrimePowerHeatKernelWeightedSummabilityTarget.lean:73:      ‖q.weightC‖ * ‖heatKernelG t q.center‖ := by
RHFormalization/CanonicalPrimePowerHeatKernelWeightedSummabilityTarget.lean:109:    ∀ q : PrimePowerPair,
RHFormalization/CanonicalPrimePowerHeatKernelWeightedSummabilityTarget.lean:115:    ∀ q : PrimePowerPair,
RHFormalization/CanonicalPrimePowerHeatKernelWeightedSummabilityTarget.lean:137:    ∀ q : PrimePowerPair,
RHFormalization/CanonicalPrimePowerHeatKernelWeightedSummabilityTarget.lean:224:      ∑' q : PrimePowerPair,
RHFormalization/CanonicalPrimePowerHeatKernelWeightedSummabilityTarget.lean:225:        q.weightC * (displacementCanonicalKernel (heatKernelG S.t)) q.center s := by
RHFormalization/CanonicalPrimePowerRCutoffExhaustion.lean:46:      ∀ q : PrimePowerPair,
RHFormalization/CanonicalPrimePowerRCutoffExhaustion.lean:49:    ∀ q : PrimePowerPair,
RHFormalization/CanonicalPrimePowerRCutoffExhaustion.lean:98:    ∀ q : PrimePowerPair,
RHFormalization/CanonicalPrimePowerRCutoffExhaustion.lean:103:  kernelMajorant : PrimePowerPair → ℝ
RHFormalization/CanonicalPrimePowerRCutoffExhaustion.lean:107:    ∀ q : PrimePowerPair, 0 ≤ kernelMajorant q
RHFormalization/CanonicalPrimePowerRCutoffExhaustion.lean:114:      ∀ q : PrimePowerPair,
RHFormalization/CanonicalPrimePowerRCutoffExhaustion.lean:122:      (fun q : PrimePowerPair =>
RHFormalization/CanonicalPrimePowerRCutoffExhaustion.lean:123:        ‖q.weightC‖ * kernelMajorant q)
RHFormalization/CanonicalPrimePowerRCutoffExhaustion.lean:148:  h_weightC_mass_le_growth :
RHFormalization/CanonicalPrimePowerRCutoffExhaustion.lean:151:        (fun q : PrimePowerPair => ‖q.weightC‖) ≤
RHFormalization/CanonicalPrimePowerRCutoffExhaustion.lean:170:      ∀ q : PrimePowerPair,
RHFormalization/CanonicalPrimePowerRCutoffExhaustion.lean:206:    h_weightC_mass_le_growth := S.h_weightC_mass_le_growth
RHFormalization/CanonicalPrimePowerRCutoffExhaustion.lean:245:      ∑' q : PrimePowerPair,
RHFormalization/CanonicalPrimePowerRCutoffExhaustion.lean:246:        q.weightC * S.Kshared q.center s := by
RHFormalization/CanonicalPrimePowerConcreteTsumPackage.lean:40:      ∑' q : PrimePowerPair,
RHFormalization/CanonicalPrimePowerConcreteTsumPackage.lean:41:        q.weightC * Kshared q.center s
RHFormalization/CanonicalPrimePowerConcreteTsumPackage.lean:67:    ∀ q : PrimePowerPair,
RHFormalization/CanonicalPrimePowerConcreteTsumPackage.lean:78:    ∀ q : PrimePowerPair,
RHFormalization/CanonicalPrimePowerConcreteTsumPackage.lean:91:        (fun q : PrimePowerPair => q.weightC * Kshared q.center s)
RHFormalization/CanonicalPrimePowerConcreteTsumPackage.lean:153:      ∑' q : PrimePowerPair,
RHFormalization/CanonicalPrimePowerConcreteTsumPackage.lean:154:        q.weightC * S.Kshared q.center s := by
RHFormalization/CanonicalPrimePowerDWindowExactWindowSpeed.lean:54:    ∀ q : PrimePowerPair,
RHFormalization/CanonicalPrimePowerDWindowExactWindowSpeed.lean:61:    ∀ q : PrimePowerPair,
RHFormalization/CanonicalPrimePowerDWindowExactWindowSpeed.lean:66:  kernelMajorant : PrimePowerPair → ℝ
RHFormalization/CanonicalPrimePowerDWindowExactWindowSpeed.lean:70:    ∀ q : PrimePowerPair, 0 ≤ kernelMajorant q
RHFormalization/CanonicalPrimePowerDWindowExactWindowSpeed.lean:98:    ∀ q : PrimePowerPair,
RHFormalization/CanonicalPrimePowerDWindowExactWindowSpeed.lean:114:    ∀ q : PrimePowerPair,
RHFormalization/CanonicalPrimePowerDWindowExactWindowSpeed.lean:120:      (fun q : PrimePowerPair =>
RHFormalization/CanonicalPrimePowerDWindowExactWindowSpeed.lean:121:        ‖q.weightC‖ * kernelMajorant q)
RHFormalization/CanonicalPrimePowerDWindowExactWindowSpeed.lean:240:      ∑' q : PrimePowerPair,
RHFormalization/CanonicalPrimePowerDWindowExactWindowSpeed.lean:241:        q.weightC * S.Kshared q.center s := by
