RHFormalization/PoleNormalForm.lean:171:def HMeromorphicWithNormalFormPoles.toZeroPolePackageAPI
RHFormalization/PoleNormalForm.lean:177:def HMeromorphicWithNormalFormPoles.toHSidePoleWitnessLayer
RHFormalization/PoleNormalForm.lean:185:def HMeromorphicWithNormalFormPoles.toArithmeticGroupedPoles
RHFormalization/DOperatorExport.lean:593:    overlap := X.overlapBuilder }
RHFormalization/AppendixDOperatorPrimePowerDetailedConstruction.lean:36:def buildDDetailedConstructionWithOperatorLegalityFromPrimePowerLimit
RHFormalization/AppendixDPrimePowerToDBcan.lean:100:    Cshared := C
RHFormalization/AppendixDOperatorFiniteCanonicalDetailedConstruction.lean:37:def buildDDetailedConstructionWithOperatorLegalityFromFiniteCanonicalLimit
RHFormalization/AppendixDRCutoffEstimateDetailedConstruction.lean:65:def buildDDetailedConstructionWithOperatorLegalityFromRCutoffEstimate
RHFormalization/AppendixDRCutoffEstimateDetailedConstruction.lean:79:      let Cshared := RCutoffEstimateSharedPackage finiteOperatorLayer S
RHFormalization/AppendixDRCutoffEstimateDetailedConstruction.lean:125:      let Cshared := RCutoffEstimateSharedPackage finiteOperatorLayer S
RHFormalization/FinalRHFromRCutoffEstimate.lean:46:      let Cshared := RCutoffEstimateSharedPackage finiteOperatorLayer S
RHFormalization/FinalRHFromRCutoffEstimate.lean:97:      let Cshared := RCutoffEstimateSharedPackage finiteOperatorLayer S
RHFormalization/AppendixESharedPackageCompatibility.lean:44:      Y.B.Cshared :=
RHFormalization/AppendixESharedPackageCompatibility.lean:63:      Y.B.Cshared :=
RHFormalization/InterfaceNonnegative.lean:135:      E.overlap := by
RHFormalization/PoleObstructionFromNormalForm.lean:119:def HMeromorphicWithNormalFormPoles.toLegacyZeroPolePackageAPI
RHFormalization/PoleObstructionFromNormalForm.lean:127:def HMeromorphicWithNormalFormPoles.toLegacyGenuinePoleNormalFormAPI
RHFormalization/PoleObstructionFromNormalForm.lean:137:def HMeromorphicWithNormalFormPoles.toPoleNormalFormLayer
RHFormalization/FinalRHFromDWindowExactMassExactSpeed.lean:59:def buildDDetailedConstructionWithOperatorLegalityFromDWindowExactMassExactSpeed
RHFormalization/FinalRHFromDWindowExactMassExactSpeed.lean:73:      let Cshared := DWindowExactMassExactSpeedSharedPackage finiteOperatorLayer S
RHFormalization/FinalRHFromDWindowExactMassExactSpeed.lean:119:      let Cshared := DWindowExactMassExactSpeedSharedPackage finiteOperatorLayer S
RHFormalization/FinalRHFromDWindowExactMassExactSpeed.lean:200:      let Cshared := DWindowExactMassExactSpeedSharedPackage finiteOperatorLayer S
RHFormalization/DFiniteStageOperator.lean:319:def DDetailedConstructionWithOperatorLegality.toDetailedConstructionLayer
RHFormalization/DFiniteStageOperator.lean:335:def DDetailedConstructionWithOperatorLegality.toDExportLayer
RHFormalization/DFiniteStageOperator.lean:341:def DDetailedConstructionWithOperatorLegality.toOperatorResolventBridge
